Archive member included to satisfy reference by file (symbol)

/opt/devkitpro/libctru/lib/libsf2d.a(sf2d_texture.o)
                              main.o (sf2d_create_texture)
/opt/devkitpro/libctru/lib/libsf2d.a(sf2d.o)
                              main.o (sf2d_init)
/opt/devkitpro/libctru/lib/libsf2d.a(sf2d_draw.o)
                              main.o (sf2d_draw_rectangle)
/opt/devkitpro/libctru/lib/libsf2d.a(sf2d_private.o)
                              /opt/devkitpro/libctru/lib/libsf2d.a(sf2d.o) (GPU_SetDummyTexEnv)
/opt/devkitpro/libctru/lib/libsf2d.a(shader.vsh.o)
                              /opt/devkitpro/libctru/lib/libsf2d.a(sf2d.o) (shader_vsh_shbin_size)
/opt/devkitpro/libctru/lib/libctru.a(vram.o)
                              /opt/devkitpro/libctru/lib/libsf2d.a(sf2d_texture.o) (vramMemAlign)
/opt/devkitpro/libctru/lib/libctru.a(linear.o)
                              /opt/devkitpro/libctru/lib/libsf2d.a(sf2d_texture.o) (linearMemAlign)
/opt/devkitpro/libctru/lib/libctru.a(mem_pool.o)
                              /opt/devkitpro/libctru/lib/libctru.a(vram.o) (MemPool::Allocate(MemChunk&, unsigned long, int))
/opt/devkitpro/libctru/lib/libctru.a(os.o)
                              /opt/devkitpro/libctru/lib/libsf2d.a(sf2d_texture.o) (osConvertVirtToPhys)
/opt/devkitpro/libctru/lib/libctru.a(gfx.o)
                              /opt/devkitpro/libctru/lib/libsf2d.a(sf2d.o) (gfxSet3D)
/opt/devkitpro/libctru/lib/libctru.a(shaderProgram.o)
                              /opt/devkitpro/libctru/lib/libsf2d.a(sf2d.o) (shaderInstanceGetUniformLocation)
/opt/devkitpro/libctru/lib/libctru.a(shbin.o)
                              /opt/devkitpro/libctru/lib/libsf2d.a(sf2d.o) (DVLB_Free)
/opt/devkitpro/libctru/lib/libctru.a(gpu.o)
                              /opt/devkitpro/libctru/lib/libsf2d.a(sf2d.o) (GPU_Init)
/opt/devkitpro/libctru/lib/libctru.a(gpuResetSequence.o)
                              /opt/devkitpro/libctru/lib/libctru.a(gpu.o) (gpuResetSequenceLength)
/opt/devkitpro/libctru/lib/libctru.a(gsp.o)
                              /opt/devkitpro/libctru/lib/libctru.a(gfx.o) (gspInit)
/opt/devkitpro/libctru/lib/libctru.a(gx.o)
                              /opt/devkitpro/libctru/lib/libctru.a(gfx.o) (gxCmdBuf)
/opt/devkitpro/libctru/lib/libctru.a(apt.o)
                              /opt/devkitpro/libctru/lib/libsf2d.a(sf2d.o) (aptHook)
/opt/devkitpro/libctru/lib/libctru.a(hid.o)
                              main.o (hidScanInput)
/opt/devkitpro/libctru/lib/libctru.a(rbtree_init.o)
                              /opt/devkitpro/libctru/lib/libctru.a(vram.o) (rbtree_init)
/opt/devkitpro/libctru/lib/libctru.a(rbtree_insert.o)
                              /opt/devkitpro/libctru/lib/libctru.a(vram.o) (rbtree_insert)
/opt/devkitpro/libctru/lib/libctru.a(rbtree_rotate.o)
                              /opt/devkitpro/libctru/lib/libctru.a(rbtree_insert.o) (rbtree_rotate)
/opt/devkitpro/libctru/lib/libctru.a(rbtree_remove.o)
                              /opt/devkitpro/libctru/lib/libctru.a(vram.o) (rbtree_remove)
/opt/devkitpro/libctru/lib/libctru.a(rbtree_find.o)
                              /opt/devkitpro/libctru/lib/libctru.a(vram.o) (rbtree_find)
/opt/devkitpro/libctru/lib/libctru.a(initSystem.o)
                              /opt/devkitpro/libctru/lib/libctru.a(apt.o) (__system_retAddr)
/opt/devkitpro/libctru/lib/libctru.a(allocateHeaps.o)
                              /opt/devkitpro/libctru/lib/libctru.a(initSystem.o) (__system_allocateHeaps)
/opt/devkitpro/libctru/lib/libctru.a(initArgv.o)
                              /opt/devkitpro/libctru/lib/libctru.a(initSystem.o) (__system_initArgv)
/opt/devkitpro/libctru/lib/libctru.a(svc.o)
                              /opt/devkitpro/libctru/lib/libctru.a(allocateHeaps.o) (svcControlMemory)
/opt/devkitpro/libctru/lib/libctru.a(stack_adjust.o)
                              /opt/devkitpro/devkitARM/lib/gcc/arm-none-eabi/4.9.2/../../../../arm-none-eabi/lib/armv6k/fpu/3dsx_crt0.o (initSystem)
/opt/devkitpro/libctru/lib/libctru.a(srv.o)
                              /opt/devkitpro/libctru/lib/libctru.a(gsp.o) (srvGetServiceHandle)
/opt/devkitpro/libctru/lib/libctru.a(irrst.o)
                              /opt/devkitpro/libctru/lib/libctru.a(hid.o) (irrstScanInput)
/opt/devkitpro/libctru/lib/libctru.a(rbtree_iterator.o)
                              /opt/devkitpro/libctru/lib/libctru.a(rbtree_remove.o) (rbtree_node_next)
/opt/devkitpro/libctru/lib/libctru.a(appInit.o)
                              /opt/devkitpro/libctru/lib/libctru.a(stack_adjust.o) (__appInit)
/opt/devkitpro/libctru/lib/libctru.a(appExit.o)
                              /opt/devkitpro/libctru/lib/libctru.a(stack_adjust.o) (__appExit)
/opt/devkitpro/libctru/lib/libctru.a(ctru_exit.o)
                              /opt/devkitpro/libctru/lib/libctru.a(stack_adjust.o) (__libctru_exit)
/opt/devkitpro/libctru/lib/libctru.a(sdmc_dev.o)
[...]
Memory Configuration

Name             Origin             Length             Attributes
*default*        0x0000000000000000 0xffffffffffffffff

Linker script and memory map

                0x0000000000100000                . = 0x100000
                0x0000000000100000                __start__ = .

.text           0x0000000000100000    0x10940
 *(.crt0)
 .crt0          0x0000000000100000       0x94 /opt/devkitpro/devkitARM/lib/gcc/arm-none-eabi/4.9.2/../../../../arm-none-eabi/lib/armv6k/fpu/3dsx_crt0.o
                0x0000000000100000                _start
                0x0000000000100008                __service_ptr
                0x000000000010000c                __apt_appid
                0x0000000000100010                __heap_size
                0x0000000000100014                __linear_heap_size
                0x0000000000100018                __system_arglist
                0x000000000010001c                __system_runflags
 *(.init)
 .init          0x0000000000100094        0xc /opt/devkitpro/devkitARM/lib/gcc/arm-none-eabi/4.9.2/armv6k/fpu/crti.o
                0x0000000000100094                _init
 .init          0x00000000001000a0        0xc /opt/devkitpro/devkitARM/lib/gcc/arm-none-eabi/4.9.2/armv6k/fpu/crtn.o
                0x00000000001000ac                . = ALIGN (0x4)
 *(.text)
 .text          0x00000000001000ac        0x0 /opt/devkitpro/devkitARM/lib/gcc/arm-none-eabi/4.9.2/../../../../arm-none-eabi/lib/armv6k/fpu/3dsx_crt0.o
 .text          0x00000000001000ac        0x0 /opt/devkitpro/devkitARM/lib/gcc/arm-none-eabi/4.9.2/armv6k/fpu/crti.o
 .text          0x00000000001000ac      0x108 /opt/devkitpro/devkitARM/lib/gcc/arm-none-eabi/4.9.2/armv6k/fpu/crtbegin.o
 .text          0x00000000001001b4      0x4a8 main.o
                0x00000000001001b4                save
                0x00000000001001b8                load
                0x00000000001001bc                handleInput
                0x00000000001002cc                renderTop
                0x00000000001004b0                renderBottom
                0x0000000000100510                initTexture
                0x0000000000100554                initAllTextures
                0x00000000001005f4                freeAllTextures
 .text          0x000000000010065c        0x0 mountain.o
 .text          0x000000000010065c        0x0 r_infantry.o
 .text          0x000000000010065c        0x0 road_i.o
 .text          0x000000000010065c        0x0 road_c.o
 .text          0x000000000010065c        0x0 forest.o
 .text          0x000000000010065c        0x0 plains.o
 .text          0x000000000010065c     0x2018 /opt/devkitpro/libctru/lib/libsf2d.a(sf2d_texture.o)
                0x0000000000100780                sf2d_create_texture
                0x00000000001008b4                sf2d_free_texture
                0x0000000000100904                sf2d_fill_texture_from_RGBA8
                0x00000000001009bc                sf2d_create_texture_mem_RGBA8
                0x0000000000100a00                sf2d_bind_texture
                0x0000000000100a78                sf2d_bind_texture_color
                0x0000000000100af8                sf2d_bind_texture_parameters
                0x0000000000100b70                sf2d_draw_texture
                0x0000000000100cac                sf2d_draw_texture_blend
                0x0000000000100dec                sf2d_draw_texture_rotate_hotspot
                0x0000000000100f98                sf2d_draw_texture_rotate_hotspot_blend
                0x0000000000101148                sf2d_draw_texture_rotate
                0x0000000000101308                sf2d_draw_texture_rotate_blend
                0x00000000001014cc                sf2d_draw_texture_part
                0x0000000000101644                sf2d_draw_texture_part_blend
                0x00000000001017c0                sf2d_draw_texture_scale
                0x0000000000101924                sf2d_draw_texture_scale_blend
                0x0000000000101a8c                sf2d_draw_texture_part_scale
                0x0000000000101bdc                sf2d_draw_texture_part_scale_blend
                0x0000000000101d30                sf2d_draw_texture_part_rotate_scale
                0x0000000000101f44                sf2d_draw_texture_part_rotate_scale_blend
                0x000000000010215c                sf2d_draw_texture_depth
                0x00000000001022b8                sf2d_draw_texture_depth_blend
                0x0000000000102418                sf2d_draw_quad_uv
                0x0000000000102540                sf2d_set_pixel
                0x00000000001025d4                sf2d_get_pixel
                0x0000000000102664                sf2d_texture_tile32
 .text          0x0000000000102674      0x75c /opt/devkitpro/libctru/lib/libsf2d.a(sf2d.o)
                0x000000000010288c                sf2d_init
                0x00000000001028b4                sf2d_init_advanced
                0x00000000001028d4                sf2d_fini
                0x0000000000102938                sf2d_set_3D
                0x0000000000102944                sf2d_start_frame
                0x0000000000102ad4                sf2d_end_frame
                0x0000000000102bec                sf2d_swapbuffers
                0x0000000000102c9c                sf2d_set_vblank_wait
                0x0000000000102cac                sf2d_get_fps
                0x0000000000102cbc                sf2d_pool_malloc
                0x0000000000102ce8                sf2d_pool_memalign
                0x0000000000102d28                sf2d_pool_space_free
                0x0000000000102d40                sf2d_pool_reset
                0x0000000000102d54                sf2d_set_clear_color
                0x0000000000102d64                sf2d_set_scissor_test
                0x0000000000102db0                sf2d_get_current_screen
                0x0000000000102dc0                sf2d_get_current_side
 .text          0x0000000000102dd0      0x7bc /opt/devkitpro/libctru/lib/libsf2d.a(sf2d_draw.o)
                0x0000000000102dd0                sf2d_draw_line
                0x0000000000102fa4                sf2d_draw_rectangle
                0x0000000000103158                sf2d_draw_rectangle_rotate
                0x00000000001033a8                sf2d_draw_fill_circle
 .text          0x000000000010358c      0x4f8 /opt/devkitpro/libctru/lib/libsf2d.a(sf2d_private.o)
                0x000000000010358c                GPU_SetDummyTexEnv
                0x00000000001035c0                vector_mult_matrix4x4
                0x0000000000103644                matrix_gpu_set_uniform
                0x0000000000103694                matrix_copy
                0x00000000001036d0                matrix_identity4x4
                0x000000000010371c                matrix_mult4x4
                0x0000000000103790                matrix_set_z_rotation
                0x0000000000103804                matrix_rotate_z
                0x0000000000103864                matrix_set_scaling
                0x00000000001038b0                matrix_swap_xy
                0x0000000000103950                matrix_init_orthographic
                0x0000000000103a64                next_pow2
 .text          0x0000000000103a84        0x0 /opt/devkitpro/libctru/lib/libsf2d.a(shader.vsh.o)
 .text          0x0000000000103a84      0x1c4 /opt/devkitpro/libctru/lib/libctru.a(vram.o)
                0x0000000000103aac                vramMemAlign
                0x0000000000103bdc                vramAlloc
                0x0000000000103be4                vramRealloc
                0x0000000000103bec                vramFree
                0x0000000000103c3c                vramSpaceFree
 .text          0x0000000000103c48      0x1d4 /opt/devkitpro/libctru/lib/libctru.a(linear.o)
                0x0000000000103c70                linearMemAlign
                0x0000000000103db0                linearAlloc
                0x0000000000103db8                linearRealloc
                0x0000000000103dc0                linearFree
                0x0000000000103e10                linearSpaceFree
 .text          0x0000000000103e1c      0x35c /opt/devkitpro/libctru/lib/libctru.a(mem_pool.o)
                0x0000000000103e1c                MemPool::CoalesceRight(MemBlock*)
                0x0000000000103ebc                MemPool::Allocate(MemChunk&, unsigned long, int)
                0x0000000000104044                MemPool::Deallocate(MemChunk const&)
                0x0000000000104148                MemPool::GetFreeSpace()
 .text          0x0000000000104178      0x288 /opt/devkitpro/libctru/lib/libctru.a(os.o)
                0x00000000001041d0                osConvertVirtToPhys
                0x000000000010421c                osConvertOldLINEARMemToNew
                0x000000000010423c                __libctru_gtod
                0x0000000000104334                osGetTime
                0x00000000001043a8                osGetFirmVersion
                0x00000000001043bc                osGetKernelVersion
                0x00000000001043d0                osStrError
                0x00000000001043f0                osGetWifiStrength
 .text          0x0000000000104400      0x72c /opt/devkitpro/libctru/lib/libctru.a(gfx.o)
                0x000000000010448c                gfxSet3D
                0x000000000010449c                gfxSetScreenFormat
                0x00000000001044b4                gfxGetScreenFormat
                0x00000000001044cc                gfxSetDoubleBuffering
                0x00000000001044e0                gfxSetFramebufferInfo
                0x0000000000104550                gfxWriteFramebufferInfo
                0x0000000000104614                gfxInit
                0x00000000001047f4                gfxInitDefault
                0x0000000000104804                gfxExit
                0x00000000001048d0                gfxGetFramebuffer
                0x0000000000104980                gfxFlushBuffers
                0x0000000000104a5c                gfxSwapBuffers
                0x0000000000104ad0                gfxSwapBuffersGpu
 .text          0x0000000000104b2c      0x7f4 /opt/devkitpro/libctru/lib/libctru.a(shaderProgram.o)
                0x0000000000104b2c                shaderInstanceInit
                0x0000000000104d34                shaderInstanceFree
                0x0000000000104d6c                shaderInstanceSetBool
                0x0000000000104dac                shaderInstanceGetBool
                0x0000000000104df8                shaderInstanceGetUniformLocation
                0x0000000000104e18                shaderProgramInit
                0x0000000000104e30                shaderProgramFree
                0x0000000000104e60                shaderProgramSetVsh
                0x0000000000104ecc                shaderProgramSetGsh
                0x0000000000104f40                shaderProgramUse
 .text          0x0000000000105320      0x348 /opt/devkitpro/libctru/lib/libctru.a(shbin.o)
                0x0000000000105320                DVLB_Free
                0x000000000010535c                DVLE_GetUniformRegister
                0x00000000001053d8                DVLE_GenerateOutmap
                0x00000000001054d0                DVLB_ParseFile
 .text          0x0000000000105668     0x1ad0 /opt/devkitpro/libctru/lib/libctru.a(gpu.o)
                0x0000000000105690                GPU_Init
                0x00000000001056bc                GPUCMD_SetBuffer
                0x00000000001056e8                GPUCMD_SetBufferOffset
                0x00000000001056f8                GPUCMD_GetBuffer
                0x0000000000105738                GPUCMD_AddRawCommands
                0x0000000000105784                GPUCMD_Run
                0x00000000001057e4                GPUCMD_FlushAndRun
                0x0000000000105858                GPUCMD_Add
                0x000000000010593c                GPUCMD_Finalize
                0x00000000001059d4                GPU_Reset
                0x00000000001061b4                GPU_SetFloatUniform
                0x000000000010622c                f32tof24
                0x0000000000106244                computeInvValue
                0x00000000001062ec                GPU_SetViewport
                0x0000000000106508                GPU_SetScissorTest
                0x0000000000106554                GPU_DepthMap
                0x00000000001065ec                GPU_SetAlphaTest
                0x0000000000106624                GPU_SetStencilTest
                0x000000000010666c                GPU_SetStencilOp
                0x00000000001066a0                GPU_SetDepthTestAndWriteMask
                0x00000000001066d8                GPU_SetAlphaBlending
                0x0000000000106740                GPU_SetColorLogicOp
                0x0000000000106784                GPU_SetBlendingColor
                0x00000000001067c0                GPU_SetTextureEnable
                0x000000000010680c                GPU_SetTexture
                0x00000000001069a4                GPU_SetTextureBorderColor
                0x0000000000106a38                GPU_SetAttributeBuffers
                0x0000000000106c34                GPU_SetAttributeBuffersAddress
                0x0000000000106c60                GPU_SetFaceCulling
                0x0000000000106c8c                GPU_SetCombinerBufferWrite
                0x0000000000106cc0                GPU_SetTexEnv
                0x0000000000106d38                GPU_DrawArray
                0x0000000000106e4c                GPU_DrawElements
                0x0000000000106f68                GPU_FinishDrawing
                0x0000000000106fc4                GPU_SetShaderOutmap
                0x000000000010700c                GPU_SendShaderCode
                0x00000000001070c4                GPU_SendOperandDescriptors
 .text          0x0000000000107138        0x0 /opt/devkitpro/libctru/lib/libctru.a(gpuResetSequence.o)
 .text          0x0000000000107138      0x8c8 /opt/devkitpro/libctru/lib/libctru.a(gsp.o)
                0x0000000000107244                gspInit
                0x0000000000107258                gspExit
                0x0000000000107270                gspInitEventHandler
                0x000000000010733c                gspExitEventHandler
                0x0000000000107394                gspWaitForEvent
                0x00000000001073ec                GSPGPU_WriteHWRegs
                0x000000000010745c                GSPGPU_WriteHWRegsWithMask
                0x00000000001074e8                GSPGPU_ReadHWRegs
                0x0000000000107558                GSPGPU_SetBufferSwap
                0x00000000001075cc                GSPGPU_FlushDataCache
                0x0000000000107620                GSPGPU_InvalidateDataCache
                0x0000000000107674                GSPGPU_SetLcdForceBlack
                0x00000000001076b0                GSPGPU_TriggerCmdReqQueue
                0x00000000001076e4                GSPGPU_RegisterInterruptRelayQueue
                0x0000000000107750                GSPGPU_UnregisterInterruptRelayQueue
                0x0000000000107784                GSPGPU_AcquireRight
                0x00000000001077d4                GSPGPU_ReleaseRight
                0x0000000000107808                GSPGPU_ImportDisplayCaptureInfo
                0x000000000010788c                GSPGPU_SaveVramSysArea
                0x00000000001078c0                GSPGPU_RestoreVramSysArea
                0x00000000001078f4                GSPGPU_SubmitGxCommand
 .text          0x0000000000107a00      0x264 /opt/devkitpro/libctru/lib/libctru.a(gx.o)
                0x0000000000107a00                GX_RequestDma
                0x0000000000107a54                GX_SetCommandList_Last
                0x0000000000107abc                GX_SetMemoryFill
                0x0000000000107b30                GX_SetDisplayTransfer
                0x0000000000107b94                GX_SetTextureCopy
                0x0000000000107bfc                GX_SetCommandList_First
 .text          0x0000000000107c64     0x1cf8 /opt/devkitpro/libctru/lib/libctru.a(apt.o)
                0x0000000000107cc8                _aptDebug
                0x0000000000107ccc                aptInitCaptureInfo
                0x0000000000107d7c                aptWaitStatusEvent
                0x0000000000107da4                aptHook
                0x0000000000107ddc                aptUnhook
                0x0000000000107e08                aptGetStatus
                0x0000000000107e40                aptSetStatus
                0x0000000000107ea4                aptGetStatusPower
                0x0000000000107edc                aptSetStatusPower
                0x0000000000107f14                aptOpenSession
                0x0000000000107f38                aptCloseSession
                0x0000000000107f60                aptSignalReadyForSleep
                0x0000000000107f70                APT_GetLockHandle
                0x0000000000107fc0                APT_Initialize
                0x0000000000108028                APT_Finalize
                0x0000000000108064                APT_HardwareResetAsync
                0x0000000000108098                APT_Enable
                0x00000000001080d4                APT_GetAppletManInfo
                0x0000000000108154                aptGetMenuAppID
                0x0000000000108190                APT_IsRegistered
                0x00000000001081e0                APT_InquireNotification
                0x0000000000108230                APT_PrepareToJumpToHomeMenu
                0x0000000000108264                APT_JumpToHomeMenu
                0x00000000001082b4                APT_PrepareToJumpToApplication
                0x00000000001082f0                APT_JumpToApplication
                0x0000000000108340                APT_NotifyToWait
                0x000000000010837c                APT_AppletUtility
                0x0000000000108404                aptAppletUtility_Exit_RetToApp
                0x0000000000108524                aptAppletClosed
                0x0000000000108660                aptInit
                0x0000000000108818                APT_GlanceParameter
                0x000000000010888c                APT_ReceiveParameter
                0x0000000000108900                APT_SendParameter
                0x0000000000108970                APT_SendCaptureBufferInfo
                0x00000000001089bc                aptReturnToMenu
                0x0000000000108b90                APT_ReplySleepQuery
                0x0000000000108bd0                APT_ReplySleepNotificationComplete
                0x0000000000108c0c                aptEventHandler
                0x0000000000108f18                APT_PrepareToCloseApplication
                0x0000000000108f54                APT_CloseApplication
                0x0000000000108fac                aptExit
                0x0000000000109198                APT_SetAppCpuTimeLimit
                0x00000000001091dc                APT_GetAppCpuTimeLimit
                0x0000000000109230                APT_CheckNew3DS_Application
                0x000000000010928c                APT_CheckNew3DS_System
                0x00000000001092e8                APT_CheckNew3DS
                0x000000000010935c                APT_PrepareToDoAppJump
                0x00000000001093a8                APT_DoAppJump
                0x0000000000109410                APT_PrepareToStartLibraryApplet
                0x000000000010944c                APT_StartLibraryApplet
                0x00000000001094ac                aptAppletStarted
                0x00000000001095b0                aptMainLoop
                0x0000000000109728                APT_LaunchLibraryApplet
                0x00000000001098c0                APT_PrepareToStartSystemApplet
                0x00000000001098fc                APT_StartSystemApplet
 .text          0x000000000010995c      0x6f4 /opt/devkitpro/libctru/lib/libctru.a(hid.o)
                0x000000000010995c                hidExit
                0x0000000000109a00                hidWaitForEvent
                0x0000000000109a58                hidCheckSectionUpdateTime
                0x0000000000109a94                hidScanInput
                0x0000000000109cc8                hidKeysHeld
                0x0000000000109cd8                hidKeysDown
                0x0000000000109ce8                hidKeysUp
                0x0000000000109cf8                hidTouchRead
                0x0000000000109d10                hidCircleRead
                0x0000000000109d28                hidAccelRead
                0x0000000000109d48                hidGyroRead
                0x0000000000109d68                HIDUSER_GetHandles
                0x0000000000109df8                hidInit
                0x0000000000109f2c                HIDUSER_EnableAccelerometer
                0x0000000000109f58                HIDUSER_DisableAccelerometer
                0x0000000000109f84                HIDUSER_EnableGyroscope
                0x0000000000109fb0                HIDUSER_DisableGyroscope
                0x0000000000109fdc                HIDUSER_GetGyroscopeRawToDpsCoefficient
                0x000000000010a018                HIDUSER_GetSoundVolume
 .text          0x000000000010a050       0x14 /opt/devkitpro/libctru/lib/libctru.a(rbtree_init.o)
                0x000000000010a050                rbtree_init
 .text          0x000000000010a064      0x1f4 /opt/devkitpro/libctru/lib/libctru.a(rbtree_insert.o)
                0x000000000010a248                rbtree_insert
                0x000000000010a250                rbtree_insert_multi
 .text          0x000000000010a258       0xac /opt/devkitpro/libctru/lib/libctru.a(rbtree_rotate.o)
                0x000000000010a258                rbtree_rotate
 .text          0x000000000010a304      0x340 /opt/devkitpro/libctru/lib/libctru.a(rbtree_remove.o)
                0x000000000010a304                rbtree_remove
 .text          0x000000000010a644       0x70 /opt/devkitpro/libctru/lib/libctru.a(rbtree_find.o)
                0x000000000010a644                rbtree_find
 .text          0x000000000010a6b4       0x4c /opt/devkitpro/libctru/lib/libctru.a(initSystem.o)
                0x000000000010a6b4                __libctru_init
 .text          0x000000000010a700       0xa4 /opt/devkitpro/libctru/lib/libctru.a(allocateHeaps.o)
                0x000000000010a700                __system_allocateHeaps
 .text          0x000000000010a7a4       0xf4 /opt/devkitpro/libctru/lib/libctru.a(initArgv.o)
                0x000000000010a7a4                __system_initArgv
 *fill*         0x000000000010a898        0x8 
 .text          0x000000000010a8a0      0x3d0 /opt/devkitpro/libctru/lib/libctru.a(svc.o)
                0x000000000010a8a0                svcControlMemory
                0x000000000010a8c0                svcQueryMemory
                0x000000000010a8f0                svcExitProcess
                0x000000000010a8f8                svcCreateThread
                0x000000000010a918                svcExitThread
                0x000000000010a920                svcSleepThread
                0x000000000010a928                svcGetThreadPriority
                0x000000000010a93c                svcSetThreadPriority
                0x000000000010a944                svcGetThreadAffinityMask
                0x000000000010a94c                svcSetThreadAffinityMask
                0x000000000010a954                svcGetThreadIdealProcessor
                0x000000000010a968                svcSetThreadIdealProcessor
                0x000000000010a970                svcGetProcessorID
                0x000000000010a978                svcCreateMutex
                0x000000000010a98c                svcReleaseMutex
                0x000000000010a994                svcCreateSemaphore
                0x000000000010a9a8                svcReleaseSemaphore
                0x000000000010a9bc                svcCreateEvent
                0x000000000010a9d0                svcSignalEvent
                0x000000000010a9d8                svcClearEvent
                0x000000000010a9e0                svcCreateTimer
                0x000000000010a9f4                svcSetTimer
                0x000000000010a9fc                svcCancelTimer
                0x000000000010aa04                svcClearTimer
                0x000000000010aa0c                svcCreateMemoryBlock
                0x000000000010aa24                svcMapMemoryBlock
                0x000000000010aa2c                svcUnmapMemoryBlock
                0x000000000010aa34                svcCreateAddressArbiter
                0x000000000010aa48                svcArbitrateAddress
                0x000000000010aa68                svcCloseHandle
                0x000000000010aa70                svcWaitSynchronization
                0x000000000010aa78                svcWaitSynchronizationN
                0x000000000010aaa0                svcDuplicateHandle
                0x000000000010aab4                svcGetSystemTick
                0x000000000010aabc                svcGetSystemInfo
                0x000000000010aad4                svcGetProcessInfo
                0x000000000010aaec                svcGetThreadInfo
                0x000000000010ab04                svcConnectToPort
                0x000000000010ab18                svcSendSyncRequest
                0x000000000010ab20                svcOpenProcess
                0x000000000010ab34                svcOpenThread
                0x000000000010ab48                svcGetProcessId
                0x000000000010ab5c                svcGetProcessIdOfThread
                0x000000000010ab70                svcGetThreadId
                0x000000000010ab84                svcOutputDebugString
                0x000000000010ab8c                svcCreatePort
                0x000000000010abac                svcDebugActiveProcess
                0x000000000010abc0                svcBreakDebugProcess
                0x000000000010abc8                svcTerminateDebugProcess
                0x000000000010abd0                svcGetProcessDebugEvent
                0x000000000010abd8                svcContinueDebugEvent
                0x000000000010abe0                svcGetProcessList
                0x000000000010ac00                svcReadProcessMemory
                0x000000000010ac08                svcWriteProcessMemory
                0x000000000010ac10                svcControlProcessMemory
                0x000000000010ac28                svcMapProcessMemory
                0x000000000010ac30                svcUnmapProcessMemory
                0x000000000010ac38                svcBackdoor
                0x000000000010ac40                svcQueryProcessMemory
 .text          0x000000000010ac70       0x64 /opt/devkitpro/libctru/lib/libctru.a(stack_adjust.o)
                0x000000000010ac70                initSystem
                0x000000000010acb4                __ctru_exit
 .text          0x000000000010acd4      0x3b8 /opt/devkitpro/libctru/lib/libctru.a(srv.o)
                0x000000000010acd4                __get_handle_from_list
                0x000000000010ad6c                __destroy_handle_list
                0x000000000010adc0                srvExit
                0x000000000010ade8                srvGetSessionHandle
                0x000000000010adf4                srvRegisterClient
                0x000000000010ae2c                srvInit
                0x000000000010ae94                srvGetServiceHandle
                0x000000000010af14                srvRegisterService
                0x000000000010af70                srvUnregisterService
                0x000000000010afbc                srvPmInit
                0x000000000010b010                srvRegisterProcess
                0x000000000010b058                srvUnregisterProcess
 .text          0x000000000010b08c      0x388 /opt/devkitpro/libctru/lib/libctru.a(irrst.o)
                0x000000000010b08c                irrstWaitForEvent
                0x000000000010b0d8                irrstCheckSectionUpdateTime
                0x000000000010b114                irrstScanInput
                0x000000000010b1c8                irrstKeysHeld
                0x000000000010b1e0                irrstCstickRead
                0x000000000010b1f8                IRRST_GetHandles
                0x000000000010b248                IRRST_Initialize
                0x000000000010b280                irrstInit
                0x000000000010b364                IRRST_Shutdown
                0x000000000010b390                irrstExit
 .text          0x000000000010b414      0x118 /opt/devkitpro/libctru/lib/libctru.a(rbtree_iterator.o)
                0x000000000010b414                rbtree_node_next
                0x000000000010b4a0                rbtree_node_prev
 .text          0x000000000010b52c       0x20 /opt/devkitpro/libctru/lib/libctru.a(appInit.o)
                0x000000000010b52c                __appInit
 .text          0x000000000010b54c       0x1c /opt/devkitpro/libctru/lib/libctru.a(appExit.o)
                0x000000000010b54c                __appExit
 .text          0x000000000010b568       0x90 /opt/devkitpro/libctru/lib/libctru.a(ctru_exit.o)
                0x000000000010b568                __libctru_exit
 .text          0x000000000010b5f8      0xffc /opt/devkitpro/libctru/lib/libctru.a(sdmc_dev.o)
                0x000000000010c474                sdmcInit
                0x000000000010c5a4                sdmcExit
 .text          0x000000000010c5f4      0xc88 /opt/devkitpro/libctru/lib/libctru.a(fs.o)
                0x000000000010c5f4                FS_makePath
                0x000000000010c620                fsExit
                0x000000000010c644                fsGetSessionHandle
                0x000000000010c650                FSUSER_Initialize
                0x000000000010c6c4                fsInit
                0x000000000010c730                FSUSER_OpenFile
                0x000000000010c7dc                FSUSER_OpenFileDirectly
                0x000000000010c8a8                FSUSER_DeleteFile
                0x000000000010c930                FSUSER_RenameFile
                0x000000000010c9f4                FSUSER_DeleteDirectory
                0x000000000010ca7c                FSUSER_DeleteDirectoryRecursively
                0x000000000010cb04                FSUSER_CreateFile
                0x000000000010cb9c                FSUSER_CreateDirectory
                0x000000000010cc28                FSUSER_RenameDirectory
                0x000000000010ccec                FSUSER_OpenDirectory
                0x000000000010cd80                FSUSER_OpenArchive
                0x000000000010ce08                FSUSER_CloseArchive
                0x000000000010ce60                FSUSER_GetSdmcArchiveResource
                0x000000000010cedc                FSUSER_GetNandArchiveResource
                0x000000000010cf58                FSUSER_IsSdmcDetected
                0x000000000010cfa4                FSUSER_IsSdmcWritable
                0x000000000010cff0                FSFILE_Close
                0x000000000010d034                FSFILE_Read
                0x000000000010d090                FSFILE_Write
                0x000000000010d0f4                FSFILE_GetSize
                0x000000000010d134                FSFILE_SetSize
                0x000000000010d160                FSFILE_GetAttributes
                0x000000000010d198                FSFILE_SetAttributes
                0x000000000010d1c0                FSFILE_Flush
                0x000000000010d1e4                FSDIR_Read
                0x000000000010d238                FSDIR_Close
 .text          0x000000000010d27c       0xb8 /opt/devkitpro/libctru/lib/libctru.a(utf8_to_utf16.o)
                0x000000000010d27c                utf8_to_utf16
 .text          0x000000000010d334      0x138 /opt/devkitpro/libctru/lib/libctru.a(decode_utf8.o)
                0x000000000010d334                decode_utf8
 .text          0x000000000010d46c       0xe8 /opt/devkitpro/libctru/lib/libctru.a(utf16_to_utf8.o)
                0x000000000010d46c                utf16_to_utf8
 .text          0x000000000010d554       0x68 /opt/devkitpro/libctru/lib/libctru.a(encode_utf16.o)
                0x000000000010d554                encode_utf16
 .text          0x000000000010d5bc      0x104 /opt/devkitpro/libctru/lib/libctru.a(encode_utf8.o)
                0x000000000010d5bc                encode_utf8
 .text          0x000000000010d6c0       0x60 /opt/devkitpro/libctru/lib/libctru.a(decode_utf16.o)
                0x000000000010d6c0                decode_utf16
 .text          0x000000000010d720        0x0 /opt/devkitpro/devkitARM/lib/gcc/arm-none-eabi/4.9.2/../../../../arm-none-eabi/lib/armv6k/fpu/libm.a(lib_a-sf_cos.o)
 .text          0x000000000010d720        0x0 /opt/devkitpro/devkitARM/lib/gcc/arm-none-eabi/4.9.2/../../../../arm-none-eabi/lib/armv6k/fpu/libm.a(lib_a-sf_sin.o)
 .text          0x000000000010d720        0x0 /opt/devkitpro/devkitARM/lib/gcc/arm-none-eabi/4.9.2/../../../../arm-none-eabi/lib/armv6k/fpu/libm.a(lib_a-ef_rem_pio2.o)
 .text          0x000000000010d720        0x0 /opt/devkitpro/devkitARM/lib/gcc/arm-none-eabi/4.9.2/../../../../arm-none-eabi/lib/armv6k/fpu/libm.a(lib_a-kf_cos.o)
 .text          0x000000000010d720        0x0 /opt/devkitpro/devkitARM/lib/gcc/arm-none-eabi/4.9.2/../../../../arm-none-eabi/lib/armv6k/fpu/libm.a(lib_a-kf_rem_pio2.o)
 .text          0x000000000010d720        0x0 /opt/devkitpro/devkitARM/lib/gcc/arm-none-eabi/4.9.2/../../../../arm-none-eabi/lib/armv6k/fpu/libm.a(lib_a-kf_sin.o)
 .text          0x000000000010d720        0x0 /opt/devkitpro/devkitARM/lib/gcc/arm-none-eabi/4.9.2/../../../../arm-none-eabi/lib/armv6k/fpu/libm.a(lib_a-sf_fabs.o)
 .text          0x000000000010d720        0x0 /opt/devkitpro/devkitARM/lib/gcc/arm-none-eabi/4.9.2/../../../../arm-none-eabi/lib/armv6k/fpu/libm.a(lib_a-sf_floor.o)
 .text          0x000000000010d720        0x0 /opt/devkitpro/devkitARM/lib/gcc/arm-none-eabi/4.9.2/../../../../arm-none-eabi/lib/armv6k/fpu/libm.a(lib_a-sf_scalbn.o)
 .text          0x000000000010d720        0x0 /opt/devkitpro/devkitARM/lib/gcc/arm-none-eabi/4.9.2/../../../../arm-none-eabi/lib/armv6k/fpu/libm.a(lib_a-sf_copysign.o)
 .text          0x000000000010d720      0x250 /opt/devkitpro/devkitARM/lib/gcc/arm-none-eabi/4.9.2/armv6k/fpu/libgcc.a(_arm_addsubsf3.o)
                0x000000000010d720                __aeabi_frsub
                0x000000000010d728                __subsf3
                0x000000000010d728                __aeabi_fsub
                0x000000000010d72c                __aeabi_fadd
                0x000000000010d72c                __addsf3
                0x000000000010d8bc                __aeabi_ui2f
                0x000000000010d8bc                __floatunsisf
                0x000000000010d8c4                __aeabi_i2f
                0x000000000010d8c4                __floatsisf
                0x000000000010d8e4                __floatundisf
                0x000000000010d8e4                __aeabi_ul2f
                0x000000000010d8f4                __floatdisf
                0x000000000010d8f4                __aeabi_l2f
 .text          0x000000000010d970        0x0 /opt/devkitpro/devkitARM/lib/gcc/arm-none-eabi/4.9.2/../../../../arm-none-eabi/lib/armv6k/fpu/libg.a(lib_a-bsearch.o)
 .text          0x000000000010d970        0x0 /opt/devkitpro/devkitARM/lib/gcc/arm-none-eabi/4.9.2/../../../../arm-none-eabi/lib/armv6k/fpu/libg.a(lib_a-fini.o)
 .text          0x000000000010d970        0x0 /opt/devkitpro/devkitARM/lib/gcc/arm-none-eabi/4.9.2/../../../../arm-none-eabi/lib/armv6k/fpu/libg.a(lib_a-init.o)
 .text          0x000000000010d970        0x0 /opt/devkitpro/devkitARM/lib/gcc/arm-none-eabi/4.9.2/../../../../arm-none-eabi/lib/armv6k/fpu/libg.a(lib_a-malloc.o)
 .text          0x000000000010d970        0x0 /opt/devkitpro/devkitARM/lib/gcc/arm-none-eabi/4.9.2/../../../../arm-none-eabi/lib/armv6k/fpu/libg.a(lib_a-mallocr.o)
 .text          0x000000000010d970        0x0 /opt/devkitpro/devkitARM/lib/gcc/arm-none-eabi/4.9.2/../../../../arm-none-eabi/lib/armv6k/fpu/libg.a(lib_a-memcpy.o)
 .text          0x000000000010d970        0x0 /opt/devkitpro/devkitARM/lib/gcc/arm-none-eabi/4.9.2/../../../../arm-none-eabi/lib/armv6k/fpu/libg.a(lib_a-memset.o)
 .text          0x000000000010d970        0x0 /opt/devkitpro/devkitARM/lib/gcc/arm-none-eabi/4.9.2/../../../../arm-none-eabi/lib/armv6k/fpu/libg.a(lib_a-mlock.o)
 .text          0x000000000010d970        0x0 /opt/devkitpro/devkitARM/lib/gcc/arm-none-eabi/4.9.2/../../../../arm-none-eabi/lib/armv6k/fpu/libg.a(lib_a-rand.o)
 *fill*         0x000000000010d970       0x10 
 .text          0x000000000010d980      0x3a0 /opt/devkitpro/devkitARM/lib/gcc/arm-none-eabi/4.9.2/../../../../arm-none-eabi/lib/armv6k/fpu/libg.a(lib_a-strcmp.o)
                0x000000000010d988                strcmp
 .text          0x000000000010dd20        0x0 /opt/devkitpro/devkitARM/lib/gcc/arm-none-eabi/4.9.2/../../../../arm-none-eabi/lib/armv6k/fpu/libg.a(lib_a-strcpy.o)
 .text          0x000000000010dd20        0x0 /opt/devkitpro/devkitARM/lib/gcc/arm-none-eabi/4.9.2/../../../../arm-none-eabi/lib/armv6k/fpu/libg.a(lib_a-strlen.o)
 .text          0x000000000010dd20        0x0 /opt/devkitpro/devkitARM/lib/gcc/arm-none-eabi/4.9.2/../../../../arm-none-eabi/lib/armv6k/fpu/libg.a(lib_a-strncat.o)
 .text          0x000000000010dd20        0x0 /opt/devkitpro/devkitARM/lib/gcc/arm-none-eabi/4.9.2/../../../../arm-none-eabi/lib/armv6k/fpu/libg.a(lib_a-strncpy.o)
 .text          0x000000000010dd20        0x0 /opt/devkitpro/devkitARM/lib/gcc/arm-none-eabi/4.9.2/../../../../arm-none-eabi/lib/armv6k/fpu/libg.a(lib_a-freer.o)
 .text          0x000000000010dd20      0x1a8 /opt/devkitpro/devkitARM/lib/gcc/arm-none-eabi/4.9.2/../../../../arm-none-eabi/lib/armv6k/fpu/libsysbase.a(iosupport.o)
                0x000000000010dd20                setDefaultDevice
                0x000000000010dd38                FindDevice
                0x000000000010dde4                RemoveDevice
                0x000000000010de10                AddDevice
                0x000000000010dea4                GetDeviceOpTab
 .text          0x000000000010dec8       0x70 /opt/devkitpro/devkitARM/lib/gcc/arm-none-eabi/4.9.2/../../../../arm-none-eabi/lib/armv6k/fpu/libsysbase.a(sbrk.o)
                0x000000000010dec8                _sbrk_r
 .text          0x000000000010df38        0x0 /opt/devkitpro/devkitARM/lib/gcc/arm-none-eabi/4.9.2/../../../../arm-none-eabi/lib/armv6k/fpu/libsysbase.a(malloc_vars.o)
 .text          0x000000000010df38      0x3a4 /opt/devkitpro/devkitARM/lib/gcc/arm-none-eabi/4.9.2/../../../../arm-none-eabi/lib/armv6k/fpu/libsysbase.a(chdir.o)
                0x000000000010df38                _concatenate_path
                0x000000000010e0f4                chdir
                0x000000000010e23c                getcwd
 .text          0x000000000010e2dc      0x108 /opt/devkitpro/devkitARM/lib/gcc/arm-none-eabi/4.9.2/../../../../arm-none-eabi/lib/armv6k/fpu/libsysbase.a(syscall_support.o)
                0x000000000010e2dc                __libc_lock_init
                0x000000000010e2f4                __libc_lock_acquire
                0x000000000010e30c                __libc_lock_try_acquire
                0x000000000010e330                __libc_lock_release
                0x000000000010e348                __libc_lock_close
                0x000000000010e360                __libc_lock_init_recursive
                0x000000000010e378                __libc_lock_acquire_recursive
                0x000000000010e390                __libc_lock_try_acquire_recursive
                0x000000000010e3b4                __libc_lock_release_recursive
                0x000000000010e3cc                __libc_lock_close_recursive
 .text          0x000000000010e3e4       0x28 /opt/devkitpro/devkitARM/lib/gcc/arm-none-eabi/4.9.2/../../../../arm-none-eabi/lib/armv6k/fpu/libsysbase.a(getreent.o)
                0x000000000010e3e4                __getreent
 .text          0x000000000010e40c        0x0 /opt/devkitpro/devkitARM/lib/gcc/arm-none-eabi/4.9.2/../../../../arm-none-eabi/lib/armv6k/fpu/libg.a(lib_a-impure.o)
 .text          0x000000000010e40c        0x0 /opt/devkitpro/devkitARM/lib/gcc/arm-none-eabi/4.9.2/../../../../arm-none-eabi/lib/armv6k/fpu/libg.a(lib_a-strchr.o)
 .text          0x000000000010e40c        0x0 /opt/devkitpro/devkitARM/lib/gcc/arm-none-eabi/4.9.2/../../../../arm-none-eabi/lib/armv6k/fpu/libg.a(lib_a-strncmp.o)
 .text          0x000000000010e40c        0x0 /opt/devkitpro/devkitARM/lib/gcc/arm-none-eabi/4.9.2/../../../../arm-none-eabi/lib/armv6k/fpu/libg.a(lib_a-strnlen.o)
 .text          0x000000000010e40c        0x0 /opt/devkitpro/devkitARM/lib/gcc/arm-none-eabi/4.9.2/../../../../arm-none-eabi/lib/armv6k/fpu/libg.a(lib_a-strrchr.o)
 .text          0x000000000010e40c        0x0 /opt/devkitpro/devkitARM/lib/gcc/arm-none-eabi/4.9.2/armv6k/fpu/crtend.o
 .text          0x000000000010e40c        0x0 /opt/devkitpro/devkitARM/lib/gcc/arm-none-eabi/4.9.2/armv6k/fpu/crtn.o
 *(.text.*)
 .text.startup  0x000000000010e40c       0x68 main.o
                0x000000000010e40c                main
 .text.cosf     0x000000000010e474       0xa8 /opt/devkitpro/devkitARM/lib/gcc/arm-none-eabi/4.9.2/../../../../arm-none-eabi/lib/armv6k/fpu/libm.a(lib_a-sf_cos.o)
                0x000000000010e474                cosf
 .text.sinf     0x000000000010e51c       0xb0 /opt/devkitpro/devkitARM/lib/gcc/arm-none-eabi/4.9.2/../../../../arm-none-eabi/lib/armv6k/fpu/libm.a(lib_a-sf_sin.o)
                0x000000000010e51c                sinf
 .text.__ieee754_rem_pio2f
                0x000000000010e5cc      0x2e0 /opt/devkitpro/devkitARM/lib/gcc/arm-none-eabi/4.9.2/../../../../arm-none-eabi/lib/armv6k/fpu/libm.a(lib_a-ef_rem_pio2.o)
                0x000000000010e5cc                __ieee754_rem_pio2f
 .text.__kernel_cosf
                0x000000000010e8ac      0x124 /opt/devkitpro/devkitARM/lib/gcc/arm-none-eabi/4.9.2/../../../../arm-none-eabi/lib/armv6k/fpu/libm.a(lib_a-kf_cos.o)
                0x000000000010e8ac                __kernel_cosf
 .text.__kernel_rem_pio2f
                0x000000000010e9d0      0x838 /opt/devkitpro/devkitARM/lib/gcc/arm-none-eabi/4.9.2/../../../../arm-none-eabi/lib/armv6k/fpu/libm.a(lib_a-kf_rem_pio2.o)
                0x000000000010e9d0                __kernel_rem_pio2f
 .text.__kernel_sinf
                0x000000000010f208       0xa0 /opt/devkitpro/devkitARM/lib/gcc/arm-none-eabi/4.9.2/../../../../arm-none-eabi/lib/armv6k/fpu/libm.a(lib_a-kf_sin.o)
                0x000000000010f208                __kernel_sinf
 .text.fabsf    0x000000000010f2a8       0x10 /opt/devkitpro/devkitARM/lib/gcc/arm-none-eabi/4.9.2/../../../../arm-none-eabi/lib/armv6k/fpu/libm.a(lib_a-sf_fabs.o)
                0x000000000010f2a8                fabsf
 .text.floorf   0x000000000010f2b8       0xb8 /opt/devkitpro/devkitARM/lib/gcc/arm-none-eabi/4.9.2/../../../../arm-none-eabi/lib/armv6k/fpu/libm.a(lib_a-sf_floor.o)
                0x000000000010f2b8                floorf
 .text.scalbnf  0x000000000010f370      0x118 /opt/devkitpro/devkitARM/lib/gcc/arm-none-eabi/4.9.2/../../../../arm-none-eabi/lib/armv6k/fpu/libm.a(lib_a-sf_scalbn.o)
                0x000000000010f370                scalbnf
 .text.copysignf
                0x000000000010f488       0x1c /opt/devkitpro/devkitARM/lib/gcc/arm-none-eabi/4.9.2/../../../../arm-none-eabi/lib/armv6k/fpu/libm.a(lib_a-sf_copysign.o)
                0x000000000010f488                copysignf
 .text.bsearch  0x000000000010f4a4       0x78 /opt/devkitpro/devkitARM/lib/gcc/arm-none-eabi/4.9.2/../../../../arm-none-eabi/lib/armv6k/fpu/libg.a(lib_a-bsearch.o)
                0x000000000010f4a4                bsearch
 .text.__libc_fini_array
                0x000000000010f51c       0x40 /opt/devkitpro/devkitARM/lib/gcc/arm-none-eabi/4.9.2/../../../../arm-none-eabi/lib/armv6k/fpu/libg.a(lib_a-fini.o)
                0x000000000010f51c                __libc_fini_array
 .text.__libc_init_array
                0x000000000010f55c       0x78 /opt/devkitpro/devkitARM/lib/gcc/arm-none-eabi/4.9.2/../../../../arm-none-eabi/lib/armv6k/fpu/libg.a(lib_a-init.o)
                0x000000000010f55c                __libc_init_array
 .text.malloc   0x000000000010f5d4       0x18 /opt/devkitpro/devkitARM/lib/gcc/arm-none-eabi/4.9.2/../../../../arm-none-eabi/lib/armv6k/fpu/libg.a(lib_a-malloc.o)
                0x000000000010f5d4                malloc
 .text.free     0x000000000010f5ec       0x18 /opt/devkitpro/devkitARM/lib/gcc/arm-none-eabi/4.9.2/../../../../arm-none-eabi/lib/armv6k/fpu/libg.a(lib_a-malloc.o)
                0x000000000010f5ec                free
 .text._malloc_r
                0x000000000010f604      0x740 /opt/devkitpro/devkitARM/lib/gcc/arm-none-eabi/4.9.2/../../../../arm-none-eabi/lib/armv6k/fpu/libg.a(lib_a-mallocr.o)
                0x000000000010f604                _malloc_r
 .text.memcpy   0x000000000010fd44       0xf4 /opt/devkitpro/devkitARM/lib/gcc/arm-none-eabi/4.9.2/../../../../arm-none-eabi/lib/armv6k/fpu/libg.a(lib_a-memcpy.o)
                0x000000000010fd44                memcpy
 .text.memset   0x000000000010fe38       0xf0 /opt/devkitpro/devkitARM/lib/gcc/arm-none-eabi/4.9.2/../../../../arm-none-eabi/lib/armv6k/fpu/libg.a(lib_a-memset.o)
                0x000000000010fe38                memset
 .text.__malloc_lock
                0x000000000010ff28        0x4 /opt/devkitpro/devkitARM/lib/gcc/arm-none-eabi/4.9.2/../../../../arm-none-eabi/lib/armv6k/fpu/libg.a(lib_a-mlock.o)
                0x000000000010ff28                __malloc_lock
 .text.__malloc_unlock
                0x000000000010ff2c        0x4 /opt/devkitpro/devkitARM/lib/gcc/arm-none-eabi/4.9.2/../../../../arm-none-eabi/lib/armv6k/fpu/libg.a(lib_a-mlock.o)
                0x000000000010ff2c                __malloc_unlock
 .text.srand    0x000000000010ff30       0x1c /opt/devkitpro/devkitARM/lib/gcc/arm-none-eabi/4.9.2/../../../../arm-none-eabi/lib/armv6k/fpu/libg.a(lib_a-rand.o)
                0x000000000010ff30                srand
 .text.rand     0x000000000010ff4c       0x44 /opt/devkitpro/devkitARM/lib/gcc/arm-none-eabi/4.9.2/../../../../arm-none-eabi/lib/armv6k/fpu/libg.a(lib_a-rand.o)
                0x000000000010ff4c                rand
 .text.strcpy   0x000000000010ff90       0xf0 /opt/devkitpro/devkitARM/lib/gcc/arm-none-eabi/4.9.2/../../../../arm-none-eabi/lib/armv6k/fpu/libg.a(lib_a-strcpy.o)
                0x000000000010ff90                strcpy
 .text.strlen   0x0000000000110080       0x5c /opt/devkitpro/devkitARM/lib/gcc/arm-none-eabi/4.9.2/../../../../arm-none-eabi/lib/armv6k/fpu/libg.a(lib_a-strlen.o)
                0x0000000000110080                strlen
 .text.strncat  0x00000000001100dc       0xa4 /opt/devkitpro/devkitARM/lib/gcc/arm-none-eabi/4.9.2/../../../../arm-none-eabi/lib/armv6k/fpu/libg.a(lib_a-strncat.o)
                0x00000000001100dc                strncat
 .text.strncpy  0x0000000000110180       0xe0 /opt/devkitpro/devkitARM/lib/gcc/arm-none-eabi/4.9.2/../../../../arm-none-eabi/lib/armv6k/fpu/libg.a(lib_a-strncpy.o)
                0x0000000000110180                strncpy
 .text._malloc_trim_r
                0x0000000000110260       0xf8 /opt/devkitpro/devkitARM/lib/gcc/arm-none-eabi/4.9.2/../../../../arm-none-eabi/lib/armv6k/fpu/libg.a(lib_a-freer.o)
                0x0000000000110260                _malloc_trim_r
 .text._free_r  0x0000000000110358      0x2b4 /opt/devkitpro/devkitARM/lib/gcc/arm-none-eabi/4.9.2/../../../../arm-none-eabi/lib/armv6k/fpu/libg.a(lib_a-freer.o)
                0x0000000000110358                _free_r
 .text.strchr   0x000000000011060c      0x16c /opt/devkitpro/devkitARM/lib/gcc/arm-none-eabi/4.9.2/../../../../arm-none-eabi/lib/armv6k/fpu/libg.a(lib_a-strchr.o)
                0x000000000011060c                strchr
 .text.strncmp  0x0000000000110778      0x110 /opt/devkitpro/devkitARM/lib/gcc/arm-none-eabi/4.9.2/../../../../arm-none-eabi/lib/armv6k/fpu/libg.a(lib_a-strncmp.o)
                0x0000000000110778                strncmp
 .text.strnlen  0x0000000000110888       0x5c /opt/devkitpro/devkitARM/lib/gcc/arm-none-eabi/4.9.2/../../../../arm-none-eabi/lib/armv6k/fpu/libg.a(lib_a-strnlen.o)
                0x0000000000110888                strnlen
 .text.strrchr  0x00000000001108e4       0x44 /opt/devkitpro/devkitARM/lib/gcc/arm-none-eabi/4.9.2/../../../../arm-none-eabi/lib/armv6k/fpu/libg.a(lib_a-strrchr.o)
                0x00000000001108e4                strrchr
 *(.glue_7)
 .glue_7        0x0000000000110928        0x0 linker stubs
 *(.glue_7t)
 .glue_7t       0x0000000000110928        0x0 linker stubs
 *(.stub)
 *(.gnu.warning)
 *(.gnu.linkonce.t*)
                0x0000000000110928                . = ALIGN (0x4)
 *(.fini)
 .fini          0x0000000000110928        0xc /opt/devkitpro/devkitARM/lib/gcc/arm-none-eabi/4.9.2/armv6k/fpu/crti.o
                0x0000000000110928                _fini
 .fini          0x0000000000110934        0xc /opt/devkitpro/devkitARM/lib/gcc/arm-none-eabi/4.9.2/armv6k/fpu/crtn.o
                0x0000000000110940                . = ALIGN (0x4)

.vfp11_veneer   0x0000000000110940        0x0
 .vfp11_veneer  0x0000000000110940        0x0 linker stubs

.v4_bx          0x0000000000110940        0x0
 .v4_bx         0x0000000000110940        0x0 linker stubs

.iplt           0x0000000000110940        0x0
 .iplt          0x0000000000110940        0x0 /opt/devkitpro/devkitARM/lib/gcc/arm-none-eabi/4.9.2/../../../../arm-none-eabi/lib/armv6k/fpu/3dsx_crt0.o

.rodata         0x0000000000111000     0x2da4
 *(.rodata)
 .rodata        0x0000000000111000      0x650 mountain.o
                0x0000000000111000                mountain_img
 .rodata        0x0000000000111650      0x650 r_infantry.o
                0x0000000000111650                r_infantry_img
 .rodata        0x0000000000111ca0      0x650 road_i.o
                0x0000000000111ca0                road_i_img
 .rodata        0x00000000001122f0      0x650 road_c.o
                0x00000000001122f0                road_c_img
 .rodata        0x0000000000112940      0x650 forest.o
                0x0000000000112940                forest_img
 .rodata        0x0000000000112f90      0x650 plains.o
                0x0000000000112f90                plains_img
 .rodata        0x00000000001135e0       0x30 /opt/devkitpro/libctru/lib/libsf2d.a(sf2d_texture.o)
 .rodata        0x0000000000113610      0x158 /opt/devkitpro/libctru/lib/libsf2d.a(shader.vsh.o)
                0x0000000000113610                shader_vsh_shbin
                0x0000000000113763                shader_vsh_shbin_end
                0x0000000000113764                shader_vsh_shbin_size
 .rodata        0x0000000000113768       0x2c /opt/devkitpro/libctru/lib/libctru.a(os.o)
 .rodata        0x0000000000113794       0x14 /opt/devkitpro/libctru/lib/libctru.a(gfx.o)
 .rodata        0x00000000001137a8        0x8 /opt/devkitpro/libctru/lib/libctru.a(shaderProgram.o)
 .rodata        0x00000000001137b0       0x24 /opt/devkitpro/libctru/lib/libctru.a(shbin.o)
 .rodata        0x00000000001137d4        0xc /opt/devkitpro/libctru/lib/libctru.a(gpu.o)
                0x00000000001137d4                GPU_FORMATSIZE
                0x00000000001137d8                GPU_TEVID
 .rodata        0x00000000001137e0        0xc /opt/devkitpro/libctru/lib/libctru.a(apt.o)
 .rodata        0x00000000001137ec       0x30 /opt/devkitpro/libctru/lib/libctru.a(sdmc_dev.o)
 .rodata        0x000000000011381c       0x68 /opt/devkitpro/devkitARM/lib/gcc/arm-none-eabi/4.9.2/../../../../arm-none-eabi/lib/armv6k/fpu/libsysbase.a(iosupport.o)
                0x000000000011381c                dotab_stdnull
 .rodata        0x0000000000113884        0xc /opt/devkitpro/devkitARM/lib/gcc/arm-none-eabi/4.9.2/../../../../arm-none-eabi/lib/armv6k/fpu/libsysbase.a(chdir.o)
                0x0000000000113884                DIRECTORY_PARENT
                0x0000000000113888                DIRECTORY_THIS
                0x000000000011388c                DIRECTORY_SEPARATOR
 *(.roda)
 *(.rodata.*)
 .rodata.str1.4
                0x0000000000113890        0xb /opt/devkitpro/libctru/lib/libsf2d.a(sf2d.o)
                                          0xc (size before relaxing)
 *fill*         0x000000000011389b        0x1 
 .rodata.str1.4
                0x000000000011389c       0xc4 /opt/devkitpro/libctru/lib/libctru.a(os.o)
 .rodata.str1.4
                0x0000000000113960        0x9 /opt/devkitpro/libctru/lib/libctru.a(gsp.o)
                                          0xc (size before relaxing)
 *fill*         0x0000000000113969        0x3 
 .rodata.str1.4
                0x000000000011396c       0x16 /opt/devkitpro/libctru/lib/libctru.a(apt.o)
                                         0x18 (size before relaxing)
 *fill*         0x0000000000113982        0x2 
 .rodata.str1.4
                0x0000000000113984       0x15 /opt/devkitpro/libctru/lib/libctru.a(hid.o)
                                         0x18 (size before relaxing)
 *fill*         0x0000000000113999        0x3 
 .rodata.str1.4
                0x000000000011399c        0xf /opt/devkitpro/libctru/lib/libctru.a(srv.o)
                                         0x10 (size before relaxing)
 *fill*         0x00000000001139ab        0x1 
 .rodata.str1.4
                0x00000000001139ac        0x7 /opt/devkitpro/libctru/lib/libctru.a(irrst.o)
                                          0x8 (size before relaxing)
 *fill*         0x00000000001139b3        0x1 
 .rodata.str1.4
                0x00000000001139b4        0x5 /opt/devkitpro/libctru/lib/libctru.a(sdmc_dev.o)
                                          0xc (size before relaxing)
 *fill*         0x00000000001139b9        0x3 
 .rodata.str1.4
                0x00000000001139bc        0x8 /opt/devkitpro/libctru/lib/libctru.a(fs.o)
 .rodata.npio2_hw
                0x00000000001139c4       0x80 /opt/devkitpro/devkitARM/lib/gcc/arm-none-eabi/4.9.2/../../../../arm-none-eabi/lib/armv6k/fpu/libm.a(lib_a-ef_rem_pio2.o)
 .rodata.two_over_pi
                0x0000000000113a44      0x318 /opt/devkitpro/devkitARM/lib/gcc/arm-none-eabi/4.9.2/../../../../arm-none-eabi/lib/armv6k/fpu/libm.a(lib_a-ef_rem_pio2.o)
 .rodata.init_jk
                0x0000000000113d5c        0xc /opt/devkitpro/devkitARM/lib/gcc/arm-none-eabi/4.9.2/../../../../arm-none-eabi/lib/armv6k/fpu/libm.a(lib_a-kf_rem_pio2.o)
 .rodata.PIo2   0x0000000000113d68       0x2c /opt/devkitpro/devkitARM/lib/gcc/arm-none-eabi/4.9.2/../../../../arm-none-eabi/lib/armv6k/fpu/libm.a(lib_a-kf_rem_pio2.o)
 .rodata.str1.4
                0x0000000000113d94        0x8 /opt/devkitpro/devkitARM/lib/gcc/arm-none-eabi/4.9.2/../../../../arm-none-eabi/lib/armv6k/fpu/libsysbase.a(iosupport.o)
 .rodata.str1.4
                0x0000000000113d9c        0x4 /opt/devkitpro/devkitARM/lib/gcc/arm-none-eabi/4.9.2/../../../../arm-none-eabi/lib/armv6k/fpu/libg.a(lib_a-impure.o)
 .rodata._global_impure_ptr
                0x0000000000113da0        0x4 /opt/devkitpro/devkitARM/lib/gcc/arm-none-eabi/4.9.2/../../../../arm-none-eabi/lib/armv6k/fpu/libg.a(lib_a-impure.o)
                0x0000000000113da0                _global_impure_ptr
 *all.rodata*(*)
 *(.gnu.linkonce.r*)
                0x0000000000113da4                . = ALIGN (0x4)

.rel.dyn        0x0000000000113da4        0x0
 .rel.iplt      0x0000000000113da4        0x0 /opt/devkitpro/devkitARM/lib/gcc/arm-none-eabi/4.9.2/../../../../arm-none-eabi/lib/armv6k/fpu/3dsx_crt0.o

.ARM.extab
 *(.ARM.extab* .gnu.linkonce.armextab.*)
                0x0000000000113da4                __exidx_start = .

ARM.exidx
 *(.ARM.exidx* .gnu.linkonce.armexidx.*)
                0x0000000000113da4                __exidx_end = .

.data           0x0000000000114000     0x2e64
 *(.data)
 .data          0x0000000000114000        0x0 /opt/devkitpro/devkitARM/lib/gcc/arm-none-eabi/4.9.2/../../../../arm-none-eabi/lib/armv6k/fpu/3dsx_crt0.o
 .data          0x0000000000114000        0x0 /opt/devkitpro/devkitARM/lib/gcc/arm-none-eabi/4.9.2/armv6k/fpu/crti.o
 .data          0x0000000000114000        0x4 /opt/devkitpro/devkitARM/lib/gcc/arm-none-eabi/4.9.2/armv6k/fpu/crtbegin.o
                0x0000000000114000                __dso_handle
 .data          0x0000000000114004        0x0 main.o
 .data          0x0000000000114004        0x0 mountain.o
 .data          0x0000000000114004        0x0 r_infantry.o
 .data          0x0000000000114004        0x0 road_i.o
 .data          0x0000000000114004        0x0 road_c.o
 .data          0x0000000000114004        0x0 forest.o
 .data          0x0000000000114004        0x0 plains.o
 .data          0x0000000000114004        0x0 /opt/devkitpro/libctru/lib/libsf2d.a(sf2d_texture.o)
 .data          0x0000000000114004        0xc /opt/devkitpro/libctru/lib/libsf2d.a(sf2d.o)
 .data          0x0000000000114010        0x0 /opt/devkitpro/libctru/lib/libsf2d.a(sf2d_draw.o)
 .data          0x0000000000114010        0x0 /opt/devkitpro/libctru/lib/libsf2d.a(sf2d_private.o)
 .data          0x0000000000114010        0x0 /opt/devkitpro/libctru/lib/libsf2d.a(shader.vsh.o)
 .data          0x0000000000114010        0x0 /opt/devkitpro/libctru/lib/libctru.a(vram.o)
 .data          0x0000000000114010        0x0 /opt/devkitpro/libctru/lib/libctru.a(linear.o)
 .data          0x0000000000114010        0x0 /opt/devkitpro/libctru/lib/libctru.a(mem_pool.o)
 .data          0x0000000000114010        0x0 /opt/devkitpro/libctru/lib/libctru.a(os.o)
 .data          0x0000000000114010        0xc /opt/devkitpro/libctru/lib/libctru.a(gfx.o)
 .data          0x000000000011401c        0x0 /opt/devkitpro/libctru/lib/libctru.a(shaderProgram.o)
 .data          0x000000000011401c        0x0 /opt/devkitpro/libctru/lib/libctru.a(shbin.o)
 .data          0x000000000011401c        0x0 /opt/devkitpro/libctru/lib/libctru.a(gpu.o)
 .data          0x000000000011401c      0x53c /opt/devkitpro/libctru/lib/libctru.a(gpuResetSequence.o)
                0x000000000011401c                gpuResetSequenceLength
                0x0000000000114020                gpuResetSequence
 .data          0x0000000000114558        0x0 /opt/devkitpro/libctru/lib/libctru.a(gsp.o)
 .data          0x0000000000114558        0x0 /opt/devkitpro/libctru/lib/libctru.a(gx.o)
 .data          0x0000000000114558        0x0 /opt/devkitpro/libctru/lib/libctru.a(apt.o)
 .data          0x0000000000114558        0x0 /opt/devkitpro/libctru/lib/libctru.a(hid.o)
 .data          0x0000000000114558        0x0 /opt/devkitpro/libctru/lib/libctru.a(rbtree_init.o)
 .data          0x0000000000114558        0x0 /opt/devkitpro/libctru/lib/libctru.a(rbtree_insert.o)
 .data          0x0000000000114558        0x0 /opt/devkitpro/libctru/lib/libctru.a(rbtree_rotate.o)
 .data          0x0000000000114558        0x0 /opt/devkitpro/libctru/lib/libctru.a(rbtree_remove.o)
 .data          0x0000000000114558        0x0 /opt/devkitpro/libctru/lib/libctru.a(rbtree_find.o)
 .data          0x0000000000114558        0x0 /opt/devkitpro/libctru/lib/libctru.a(initSystem.o)
 .data          0x0000000000114558        0x0 /opt/devkitpro/libctru/lib/libctru.a(allocateHeaps.o)
 .data          0x0000000000114558        0x0 /opt/devkitpro/libctru/lib/libctru.a(initArgv.o)
 .data          0x0000000000114558        0x0 /opt/devkitpro/libctru/lib/libctru.a(svc.o)
 .data          0x0000000000114558        0x4 /opt/devkitpro/libctru/lib/libctru.a(stack_adjust.o)
                0x0000000000114558                __stacksize__
 .data          0x000000000011455c        0x0 /opt/devkitpro/libctru/lib/libctru.a(srv.o)
 .data          0x000000000011455c        0x0 /opt/devkitpro/libctru/lib/libctru.a(irrst.o)
 .data          0x000000000011455c        0x0 /opt/devkitpro/libctru/lib/libctru.a(rbtree_iterator.o)
 .data          0x000000000011455c        0x0 /opt/devkitpro/libctru/lib/libctru.a(appInit.o)
 .data          0x000000000011455c        0x0 /opt/devkitpro/libctru/lib/libctru.a(appExit.o)
 .data          0x000000000011455c        0x0 /opt/devkitpro/libctru/lib/libctru.a(ctru_exit.o)
 .data          0x000000000011455c     0x1084 /opt/devkitpro/libctru/lib/libctru.a(sdmc_dev.o)
 .data          0x00000000001155e0        0x0 /opt/devkitpro/libctru/lib/libctru.a(fs.o)
 .data          0x00000000001155e0        0x0 /opt/devkitpro/libctru/lib/libctru.a(utf8_to_utf16.o)
 .data          0x00000000001155e0        0x0 /opt/devkitpro/libctru/lib/libctru.a(decode_utf8.o)
 .data          0x00000000001155e0        0x0 /opt/devkitpro/libctru/lib/libctru.a(utf16_to_utf8.o)
 .data          0x00000000001155e0        0x0 /opt/devkitpro/libctru/lib/libctru.a(encode_utf16.o)
 .data          0x00000000001155e0        0x0 /opt/devkitpro/libctru/lib/libctru.a(encode_utf8.o)
 .data          0x00000000001155e0        0x0 /opt/devkitpro/libctru/lib/libctru.a(decode_utf16.o)
 .data          0x00000000001155e0        0x0 /opt/devkitpro/devkitARM/lib/gcc/arm-none-eabi/4.9.2/../../../../arm-none-eabi/lib/armv6k/fpu/libm.a(lib_a-sf_cos.o)
 .data          0x00000000001155e0        0x0 /opt/devkitpro/devkitARM/lib/gcc/arm-none-eabi/4.9.2/../../../../arm-none-eabi/lib/armv6k/fpu/libm.a(lib_a-sf_sin.o)
 .data          0x00000000001155e0        0x0 /opt/devkitpro/devkitARM/lib/gcc/arm-none-eabi/4.9.2/../../../../arm-none-eabi/lib/armv6k/fpu/libm.a(lib_a-ef_rem_pio2.o)
 .data          0x00000000001155e0        0x0 /opt/devkitpro/devkitARM/lib/gcc/arm-none-eabi/4.9.2/../../../../arm-none-eabi/lib/armv6k/fpu/libm.a(lib_a-kf_cos.o)
 .data          0x00000000001155e0        0x0 /opt/devkitpro/devkitARM/lib/gcc/arm-none-eabi/4.9.2/../../../../arm-none-eabi/lib/armv6k/fpu/libm.a(lib_a-kf_rem_pio2.o)
 .data          0x00000000001155e0        0x0 /opt/devkitpro/devkitARM/lib/gcc/arm-none-eabi/4.9.2/../../../../arm-none-eabi/lib/armv6k/fpu/libm.a(lib_a-kf_sin.o)
 .data          0x00000000001155e0        0x0 /opt/devkitpro/devkitARM/lib/gcc/arm-none-eabi/4.9.2/../../../../arm-none-eabi/lib/armv6k/fpu/libm.a(lib_a-sf_fabs.o)
 .data          0x00000000001155e0        0x0 /opt/devkitpro/devkitARM/lib/gcc/arm-none-eabi/4.9.2/../../../../arm-none-eabi/lib/armv6k/fpu/libm.a(lib_a-sf_floor.o)
 .data          0x00000000001155e0        0x0 /opt/devkitpro/devkitARM/lib/gcc/arm-none-eabi/4.9.2/../../../../arm-none-eabi/lib/armv6k/fpu/libm.a(lib_a-sf_scalbn.o)
 .data          0x00000000001155e0        0x0 /opt/devkitpro/devkitARM/lib/gcc/arm-none-eabi/4.9.2/../../../../arm-none-eabi/lib/armv6k/fpu/libm.a(lib_a-sf_copysign.o)
 .data          0x00000000001155e0        0x0 /opt/devkitpro/devkitARM/lib/gcc/arm-none-eabi/4.9.2/armv6k/fpu/libgcc.a(_arm_addsubsf3.o)
 .data          0x00000000001155e0        0x0 /opt/devkitpro/devkitARM/lib/gcc/arm-none-eabi/4.9.2/../../../../arm-none-eabi/lib/armv6k/fpu/libg.a(lib_a-bsearch.o)
 .data          0x00000000001155e0        0x0 /opt/devkitpro/devkitARM/lib/gcc/arm-none-eabi/4.9.2/../../../../arm-none-eabi/lib/armv6k/fpu/libg.a(lib_a-fini.o)
 .data          0x00000000001155e0        0x0 /opt/devkitpro/devkitARM/lib/gcc/arm-none-eabi/4.9.2/../../../../arm-none-eabi/lib/armv6k/fpu/libg.a(lib_a-init.o)
 .data          0x00000000001155e0        0x0 /opt/devkitpro/devkitARM/lib/gcc/arm-none-eabi/4.9.2/../../../../arm-none-eabi/lib/armv6k/fpu/libg.a(lib_a-malloc.o)
 .data          0x00000000001155e0        0x0 /opt/devkitpro/devkitARM/lib/gcc/arm-none-eabi/4.9.2/../../../../arm-none-eabi/lib/armv6k/fpu/libg.a(lib_a-mallocr.o)
 .data          0x00000000001155e0        0x0 /opt/devkitpro/devkitARM/lib/gcc/arm-none-eabi/4.9.2/../../../../arm-none-eabi/lib/armv6k/fpu/libg.a(lib_a-memcpy.o)
 .data          0x00000000001155e0        0x0 /opt/devkitpro/devkitARM/lib/gcc/arm-none-eabi/4.9.2/../../../../arm-none-eabi/lib/armv6k/fpu/libg.a(lib_a-memset.o)
 .data          0x00000000001155e0        0x0 /opt/devkitpro/devkitARM/lib/gcc/arm-none-eabi/4.9.2/../../../../arm-none-eabi/lib/armv6k/fpu/libg.a(lib_a-mlock.o)
 .data          0x00000000001155e0        0x0 /opt/devkitpro/devkitARM/lib/gcc/arm-none-eabi/4.9.2/../../../../arm-none-eabi/lib/armv6k/fpu/libg.a(lib_a-rand.o)
 .data          0x00000000001155e0        0x0 /opt/devkitpro/devkitARM/lib/gcc/arm-none-eabi/4.9.2/../../../../arm-none-eabi/lib/armv6k/fpu/libg.a(lib_a-strcmp.o)
 .data          0x00000000001155e0        0x0 /opt/devkitpro/devkitARM/lib/gcc/arm-none-eabi/4.9.2/../../../../arm-none-eabi/lib/armv6k/fpu/libg.a(lib_a-strcpy.o)
 .data          0x00000000001155e0        0x0 /opt/devkitpro/devkitARM/lib/gcc/arm-none-eabi/4.9.2/../../../../arm-none-eabi/lib/armv6k/fpu/libg.a(lib_a-strlen.o)
 .data          0x00000000001155e0        0x0 /opt/devkitpro/devkitARM/lib/gcc/arm-none-eabi/4.9.2/../../../../arm-none-eabi/lib/armv6k/fpu/libg.a(lib_a-strncat.o)
 .data          0x00000000001155e0        0x0 /opt/devkitpro/devkitARM/lib/gcc/arm-none-eabi/4.9.2/../../../../arm-none-eabi/lib/armv6k/fpu/libg.a(lib_a-strncpy.o)
 .data          0x00000000001155e0        0x0 /opt/devkitpro/devkitARM/lib/gcc/arm-none-eabi/4.9.2/../../../../arm-none-eabi/lib/armv6k/fpu/libg.a(lib_a-freer.o)
 .data          0x00000000001155e0       0x44 /opt/devkitpro/devkitARM/lib/gcc/arm-none-eabi/4.9.2/../../../../arm-none-eabi/lib/armv6k/fpu/libsysbase.a(iosupport.o)
                0x00000000001155e4                devoptab_list
 .data          0x0000000000115624        0x0 /opt/devkitpro/devkitARM/lib/gcc/arm-none-eabi/4.9.2/../../../../arm-none-eabi/lib/armv6k/fpu/libsysbase.a(sbrk.o)
 .data          0x0000000000115624        0x0 /opt/devkitpro/devkitARM/lib/gcc/arm-none-eabi/4.9.2/../../../../arm-none-eabi/lib/armv6k/fpu/libsysbase.a(malloc_vars.o)
 .data          0x0000000000115624     0x1000 /opt/devkitpro/devkitARM/lib/gcc/arm-none-eabi/4.9.2/../../../../arm-none-eabi/lib/armv6k/fpu/libsysbase.a(chdir.o)
 .data          0x0000000000116624        0x0 /opt/devkitpro/devkitARM/lib/gcc/arm-none-eabi/4.9.2/../../../../arm-none-eabi/lib/armv6k/fpu/libsysbase.a(syscall_support.o)
 .data          0x0000000000116624        0x0 /opt/devkitpro/devkitARM/lib/gcc/arm-none-eabi/4.9.2/../../../../arm-none-eabi/lib/armv6k/fpu/libsysbase.a(getreent.o)
 .data          0x0000000000116624        0x0 /opt/devkitpro/devkitARM/lib/gcc/arm-none-eabi/4.9.2/../../../../arm-none-eabi/lib/armv6k/fpu/libg.a(lib_a-impure.o)
 .data          0x0000000000116624        0x0 /opt/devkitpro/devkitARM/lib/gcc/arm-none-eabi/4.9.2/../../../../arm-none-eabi/lib/armv6k/fpu/libg.a(lib_a-strchr.o)
 .data          0x0000000000116624        0x0 /opt/devkitpro/devkitARM/lib/gcc/arm-none-eabi/4.9.2/../../../../arm-none-eabi/lib/armv6k/fpu/libg.a(lib_a-strncmp.o)
 .data          0x0000000000116624        0x0 /opt/devkitpro/devkitARM/lib/gcc/arm-none-eabi/4.9.2/../../../../arm-none-eabi/lib/armv6k/fpu/libg.a(lib_a-strnlen.o)
 .data          0x0000000000116624        0x0 /opt/devkitpro/devkitARM/lib/gcc/arm-none-eabi/4.9.2/../../../../arm-none-eabi/lib/armv6k/fpu/libg.a(lib_a-strrchr.o)
 .data          0x0000000000116624        0x0 /opt/devkitpro/devkitARM/lib/gcc/arm-none-eabi/4.9.2/armv6k/fpu/crtend.o
 .data          0x0000000000116624        0x0 /opt/devkitpro/devkitARM/lib/gcc/arm-none-eabi/4.9.2/armv6k/fpu/crtn.o
 *(.data.*)
 .data.__malloc_av_
                0x0000000000116624      0x408 /opt/devkitpro/devkitARM/lib/gcc/arm-none-eabi/4.9.2/../../../../arm-none-eabi/lib/armv6k/fpu/libg.a(lib_a-mallocr.o)
                0x0000000000116624                __malloc_av_
 .data.__malloc_trim_threshold
                0x0000000000116a2c        0x4 /opt/devkitpro/devkitARM/lib/gcc/arm-none-eabi/4.9.2/../../../../arm-none-eabi/lib/armv6k/fpu/libg.a(lib_a-mallocr.o)
                0x0000000000116a2c                __malloc_trim_threshold
 .data.__malloc_sbrk_base
                0x0000000000116a30        0x4 /opt/devkitpro/devkitARM/lib/gcc/arm-none-eabi/4.9.2/../../../../arm-none-eabi/lib/armv6k/fpu/libg.a(lib_a-mallocr.o)
                0x0000000000116a30                __malloc_sbrk_base
 *fill*         0x0000000000116a34        0x4 
 .data.impure_data
                0x0000000000116a38      0x428 /opt/devkitpro/devkitARM/lib/gcc/arm-none-eabi/4.9.2/../../../../arm-none-eabi/lib/armv6k/fpu/libg.a(lib_a-impure.o)
 .data._impure_ptr
                0x0000000000116e60        0x4 /opt/devkitpro/devkitARM/lib/gcc/arm-none-eabi/4.9.2/../../../../arm-none-eabi/lib/armv6k/fpu/libg.a(lib_a-impure.o)
                0x0000000000116e60                _impure_ptr
 *(.gnu.linkonce.d*)
                0x0000000000116e64                . = ALIGN (0x4)

.igot.plt       0x0000000000116e64        0x0
 .igot.plt      0x0000000000116e64        0x0 /opt/devkitpro/devkitARM/lib/gcc/arm-none-eabi/4.9.2/../../../../arm-none-eabi/lib/armv6k/fpu/3dsx_crt0.o

.eh_frame       0x0000000000116e64       0x74
 .eh_frame      0x0000000000116e64        0x0 /opt/devkitpro/devkitARM/lib/gcc/arm-none-eabi/4.9.2/armv6k/fpu/crtbegin.o
 .eh_frame      0x0000000000116e64       0x70 /opt/devkitpro/devkitARM/lib/gcc/arm-none-eabi/4.9.2/../../../../arm-none-eabi/lib/armv6k/fpu/libg.a(lib_a-strcmp.o)
 .eh_frame      0x0000000000116ed4        0x4 /opt/devkitpro/devkitARM/lib/gcc/arm-none-eabi/4.9.2/armv6k/fpu/crtend.o

.jcr            0x0000000000116ed8        0x4
 .jcr           0x0000000000116ed8        0x0 /opt/devkitpro/devkitARM/lib/gcc/arm-none-eabi/4.9.2/armv6k/fpu/crtbegin.o
 .jcr           0x0000000000116ed8        0x4 /opt/devkitpro/devkitARM/lib/gcc/arm-none-eabi/4.9.2/armv6k/fpu/crtend.o

.tm_clone_table
                0x0000000000116edc        0x0
 .tm_clone_table
                0x0000000000116edc        0x0 /opt/devkitpro/devkitARM/lib/gcc/arm-none-eabi/4.9.2/armv6k/fpu/crtbegin.o
 .tm_clone_table
                0x0000000000116edc        0x0 /opt/devkitpro/devkitARM/lib/gcc/arm-none-eabi/4.9.2/armv6k/fpu/crtend.o
                0x0000000000116edc                __TMC_END__

.preinit_array  0x0000000000116edc        0x0
                0x0000000000116edc                PROVIDE (__preinit_array_start, .)
 *(.preinit_array)
                0x0000000000116edc                PROVIDE (__preinit_array_end, .)

.init_array     0x0000000000116edc        0x4
                0x0000000000116edc                PROVIDE (__init_array_start, .)
 *(SORT(.init_array.*))
 *(.init_array)
 .init_array    0x0000000000116edc        0x4 /opt/devkitpro/devkitARM/lib/gcc/arm-none-eabi/4.9.2/armv6k/fpu/crtbegin.o
                0x0000000000116ee0                PROVIDE (__init_array_end, .)

.fini_array     0x0000000000116ee0        0x4
                0x0000000000116ee0                PROVIDE (__fini_array_start, .)
 *(.fini_array)
 .fini_array    0x0000000000116ee0        0x4 /opt/devkitpro/devkitARM/lib/gcc/arm-none-eabi/4.9.2/armv6k/fpu/crtbegin.o
 *(SORT(.fini_array.*))
                0x0000000000116ee4                PROVIDE (__fini_array_end, .)

.ctors
 *crtbegin.o(.ctors)
 *(EXCLUDE_FILE(*crtend.o) .ctors)
 *(SORT(.ctors.*))
 *(.ctors)

.dtors
 *crtbegin.o(.dtors)
 *(EXCLUDE_FILE(*crtend.o) .dtors)
 *(SORT(.dtors.*))
 *(.dtors)
                0x0000000000116ee4                __bss_start__ = .

.bss            0x0000000000116ee4     0xc08c
 *(.dynbss)
 *(.bss)
 .bss           0x0000000000116ee4        0x0 /opt/devkitpro/devkitARM/lib/gcc/arm-none-eabi/4.9.2/../../../../arm-none-eabi/lib/armv6k/fpu/3dsx_crt0.o
 .bss           0x0000000000116ee4        0x0 /opt/devkitpro/devkitARM/lib/gcc/arm-none-eabi/4.9.2/armv6k/fpu/crti.o
 .bss           0x0000000000116ee4       0x1c /opt/devkitpro/devkitARM/lib/gcc/arm-none-eabi/4.9.2/armv6k/fpu/crtbegin.o
 .bss           0x0000000000116f00        0x8 main.o
 .bss           0x0000000000116f08        0x0 mountain.o
 .bss           0x0000000000116f08        0x0 r_infantry.o
 .bss           0x0000000000116f08        0x0 road_i.o
 .bss           0x0000000000116f08        0x0 road_c.o
 .bss           0x0000000000116f08        0x0 forest.o
 .bss           0x0000000000116f08        0x0 plains.o
 .bss           0x0000000000116f08        0x0 /opt/devkitpro/libctru/lib/libsf2d.a(sf2d_texture.o)
 .bss           0x0000000000116f08       0xd8 /opt/devkitpro/libctru/lib/libsf2d.a(sf2d.o)
 .bss           0x0000000000116fe0        0x0 /opt/devkitpro/libctru/lib/libsf2d.a(sf2d_draw.o)
 .bss           0x0000000000116fe0        0x0 /opt/devkitpro/libctru/lib/libsf2d.a(sf2d_private.o)
 .bss           0x0000000000116fe0        0x0 /opt/devkitpro/libctru/lib/libsf2d.a(shader.vsh.o)
 .bss           0x0000000000116fe0       0x14 /opt/devkitpro/libctru/lib/libctru.a(vram.o)
 .bss           0x0000000000116ff4       0x14 /opt/devkitpro/libctru/lib/libctru.a(linear.o)
 .bss           0x0000000000117008        0x0 /opt/devkitpro/libctru/lib/libctru.a(mem_pool.o)
 .bss           0x0000000000117008        0x0 /opt/devkitpro/libctru/lib/libctru.a(os.o)
 .bss           0x0000000000117008        0xc /opt/devkitpro/libctru/lib/libctru.a(gfx.o)
                0x000000000011700c                screenFree
 .bss           0x0000000000117014        0x0 /opt/devkitpro/libctru/lib/libctru.a(shaderProgram.o)
 .bss           0x0000000000117014        0x0 /opt/devkitpro/libctru/lib/libctru.a(shbin.o)
 .bss           0x0000000000117014      0x400 /opt/devkitpro/libctru/lib/libctru.a(gpu.o)
 .bss           0x0000000000117414        0x0 /opt/devkitpro/libctru/lib/libctru.a(gpuResetSequence.o)
 .bss           0x0000000000117414        0xc /opt/devkitpro/libctru/lib/libctru.a(gsp.o)
                0x000000000011741c                gspGpuHandle
 .bss           0x0000000000117420        0x0 /opt/devkitpro/libctru/lib/libctru.a(gx.o)
 .bss           0x0000000000117420       0x5c /opt/devkitpro/libctru/lib/libctru.a(apt.o)
                0x0000000000117424                aptStatusEvent
                0x0000000000117434                aptStatus
                0x0000000000117438                aptStatusPower
                0x000000000011743c                aptSleepSync
                0x0000000000117464                aptStatusBeforeSleep
 .bss           0x000000000011747c       0x2c /opt/devkitpro/libctru/lib/libctru.a(hid.o)
 .bss           0x00000000001174a8        0x0 /opt/devkitpro/libctru/lib/libctru.a(rbtree_init.o)
 .bss           0x00000000001174a8        0x0 /opt/devkitpro/libctru/lib/libctru.a(rbtree_insert.o)
 .bss           0x00000000001174a8        0x0 /opt/devkitpro/libctru/lib/libctru.a(rbtree_rotate.o)
 .bss           0x00000000001174a8        0x0 /opt/devkitpro/libctru/lib/libctru.a(rbtree_remove.o)
 .bss           0x00000000001174a8        0x0 /opt/devkitpro/libctru/lib/libctru.a(rbtree_find.o)
 .bss           0x00000000001174a8        0x0 /opt/devkitpro/libctru/lib/libctru.a(initSystem.o)
 .bss           0x00000000001174a8        0x0 /opt/devkitpro/libctru/lib/libctru.a(allocateHeaps.o)
 .bss           0x00000000001174a8        0x0 /opt/devkitpro/libctru/lib/libctru.a(initArgv.o)
 .bss           0x00000000001174a8        0x0 /opt/devkitpro/libctru/lib/libctru.a(svc.o)
 .bss           0x00000000001174a8        0x8 /opt/devkitpro/libctru/lib/libctru.a(stack_adjust.o)
 .bss           0x00000000001174b0        0x4 /opt/devkitpro/libctru/lib/libctru.a(srv.o)
 .bss           0x00000000001174b4        0xc /opt/devkitpro/libctru/lib/libctru.a(irrst.o)
 .bss           0x00000000001174c0        0x0 /opt/devkitpro/libctru/lib/libctru.a(rbtree_iterator.o)
 .bss           0x00000000001174c0        0x0 /opt/devkitpro/libctru/lib/libctru.a(appInit.o)
 .bss           0x00000000001174c0        0x0 /opt/devkitpro/libctru/lib/libctru.a(appExit.o)
 .bss           0x00000000001174c0        0x0 /opt/devkitpro/libctru/lib/libctru.a(ctru_exit.o)
 .bss           0x00000000001174c0     0x700c /opt/devkitpro/libctru/lib/libctru.a(sdmc_dev.o)
 .bss           0x000000000011e4cc        0x8 /opt/devkitpro/libctru/lib/libctru.a(fs.o)
 .bss           0x000000000011e4d4        0x0 /opt/devkitpro/libctru/lib/libctru.a(utf8_to_utf16.o)
 .bss           0x000000000011e4d4        0x0 /opt/devkitpro/libctru/lib/libctru.a(decode_utf8.o)
 .bss           0x000000000011e4d4        0x0 /opt/devkitpro/libctru/lib/libctru.a(utf16_to_utf8.o)
 .bss           0x000000000011e4d4        0x0 /opt/devkitpro/libctru/lib/libctru.a(encode_utf16.o)
 .bss           0x000000000011e4d4        0x0 /opt/devkitpro/libctru/lib/libctru.a(encode_utf8.o)
 .bss           0x000000000011e4d4        0x0 /opt/devkitpro/libctru/lib/libctru.a(decode_utf16.o)
 .bss           0x000000000011e4d4        0x0 /opt/devkitpro/devkitARM/lib/gcc/arm-none-eabi/4.9.2/../../../../arm-none-eabi/lib/armv6k/fpu/libm.a(lib_a-sf_cos.o)
 .bss           0x000000000011e4d4        0x0 /opt/devkitpro/devkitARM/lib/gcc/arm-none-eabi/4.9.2/../../../../arm-none-eabi/lib/armv6k/fpu/libm.a(lib_a-sf_sin.o)
 .bss           0x000000000011e4d4        0x0 /opt/devkitpro/devkitARM/lib/gcc/arm-none-eabi/4.9.2/../../../../arm-none-eabi/lib/armv6k/fpu/libm.a(lib_a-ef_rem_pio2.o)
 .bss           0x000000000011e4d4        0x0 /opt/devkitpro/devkitARM/lib/gcc/arm-none-eabi/4.9.2/../../../../arm-none-eabi/lib/armv6k/fpu/libm.a(lib_a-kf_cos.o)
 .bss           0x000000000011e4d4        0x0 /opt/devkitpro/devkitARM/lib/gcc/arm-none-eabi/4.9.2/../../../../arm-none-eabi/lib/armv6k/fpu/libm.a(lib_a-kf_rem_pio2.o)
 .bss           0x000000000011e4d4        0x0 /opt/devkitpro/devkitARM/lib/gcc/arm-none-eabi/4.9.2/../../../../arm-none-eabi/lib/armv6k/fpu/libm.a(lib_a-kf_sin.o)
 .bss           0x000000000011e4d4        0x0 /opt/devkitpro/devkitARM/lib/gcc/arm-none-eabi/4.9.2/../../../../arm-none-eabi/lib/armv6k/fpu/libm.a(lib_a-sf_fabs.o)
 .bss           0x000000000011e4d4        0x0 /opt/devkitpro/devkitARM/lib/gcc/arm-none-eabi/4.9.2/../../../../arm-none-eabi/lib/armv6k/fpu/libm.a(lib_a-sf_floor.o)
 .bss           0x000000000011e4d4        0x0 /opt/devkitpro/devkitARM/lib/gcc/arm-none-eabi/4.9.2/../../../../arm-none-eabi/lib/armv6k/fpu/libm.a(lib_a-sf_scalbn.o)
 .bss           0x000000000011e4d4        0x0 /opt/devkitpro/devkitARM/lib/gcc/arm-none-eabi/4.9.2/../../../../arm-none-eabi/lib/armv6k/fpu/libm.a(lib_a-sf_copysign.o)
 .bss           0x000000000011e4d4        0x0 /opt/devkitpro/devkitARM/lib/gcc/arm-none-eabi/4.9.2/armv6k/fpu/libgcc.a(_arm_addsubsf3.o)
 .bss           0x000000000011e4d4        0x0 /opt/devkitpro/devkitARM/lib/gcc/arm-none-eabi/4.9.2/../../../../arm-none-eabi/lib/armv6k/fpu/libg.a(lib_a-bsearch.o)
 .bss           0x000000000011e4d4        0x0 /opt/devkitpro/devkitARM/lib/gcc/arm-none-eabi/4.9.2/../../../../arm-none-eabi/lib/armv6k/fpu/libg.a(lib_a-fini.o)
 .bss           0x000000000011e4d4        0x0 /opt/devkitpro/devkitARM/lib/gcc/arm-none-eabi/4.9.2/../../../../arm-none-eabi/lib/armv6k/fpu/libg.a(lib_a-init.o)
 .bss           0x000000000011e4d4        0x0 /opt/devkitpro/devkitARM/lib/gcc/arm-none-eabi/4.9.2/../../../../arm-none-eabi/lib/armv6k/fpu/libg.a(lib_a-malloc.o)
 .bss           0x000000000011e4d4        0x0 /opt/devkitpro/devkitARM/lib/gcc/arm-none-eabi/4.9.2/../../../../arm-none-eabi/lib/armv6k/fpu/libg.a(lib_a-mallocr.o)
 .bss           0x000000000011e4d4        0x0 /opt/devkitpro/devkitARM/lib/gcc/arm-none-eabi/4.9.2/../../../../arm-none-eabi/lib/armv6k/fpu/libg.a(lib_a-memcpy.o)
 .bss           0x000000000011e4d4        0x0 /opt/devkitpro/devkitARM/lib/gcc/arm-none-eabi/4.9.2/../../../../arm-none-eabi/lib/armv6k/fpu/libg.a(lib_a-memset.o)
 .bss           0x000000000011e4d4        0x0 /opt/devkitpro/devkitARM/lib/gcc/arm-none-eabi/4.9.2/../../../../arm-none-eabi/lib/armv6k/fpu/libg.a(lib_a-mlock.o)
 .bss           0x000000000011e4d4        0x0 /opt/devkitpro/devkitARM/lib/gcc/arm-none-eabi/4.9.2/../../../../arm-none-eabi/lib/armv6k/fpu/libg.a(lib_a-rand.o)
 .bss           0x000000000011e4d4        0x0 /opt/devkitpro/devkitARM/lib/gcc/arm-none-eabi/4.9.2/../../../../arm-none-eabi/lib/armv6k/fpu/libg.a(lib_a-strcmp.o)
 .bss           0x000000000011e4d4        0x0 /opt/devkitpro/devkitARM/lib/gcc/arm-none-eabi/4.9.2/../../../../arm-none-eabi/lib/armv6k/fpu/libg.a(lib_a-strcpy.o)
 .bss           0x000000000011e4d4        0x0 /opt/devkitpro/devkitARM/lib/gcc/arm-none-eabi/4.9.2/../../../../arm-none-eabi/lib/armv6k/fpu/libg.a(lib_a-strlen.o)
 .bss           0x000000000011e4d4        0x0 /opt/devkitpro/devkitARM/lib/gcc/arm-none-eabi/4.9.2/../../../../arm-none-eabi/lib/armv6k/fpu/libg.a(lib_a-strncat.o)
 .bss           0x000000000011e4d4        0x0 /opt/devkitpro/devkitARM/lib/gcc/arm-none-eabi/4.9.2/../../../../arm-none-eabi/lib/armv6k/fpu/libg.a(lib_a-strncpy.o)
 .bss           0x000000000011e4d4        0x0 /opt/devkitpro/devkitARM/lib/gcc/arm-none-eabi/4.9.2/../../../../arm-none-eabi/lib/armv6k/fpu/libg.a(lib_a-freer.o)
 .bss           0x000000000011e4d4        0x0 /opt/devkitpro/devkitARM/lib/gcc/arm-none-eabi/4.9.2/../../../../arm-none-eabi/lib/armv6k/fpu/libsysbase.a(iosupport.o)
 .bss           0x000000000011e4d4        0x4 /opt/devkitpro/devkitARM/lib/gcc/arm-none-eabi/4.9.2/../../../../arm-none-eabi/lib/armv6k/fpu/libsysbase.a(sbrk.o)
 .bss           0x000000000011e4d8        0x8 /opt/devkitpro/devkitARM/lib/gcc/arm-none-eabi/4.9.2/../../../../arm-none-eabi/lib/armv6k/fpu/libsysbase.a(malloc_vars.o)
                0x000000000011e4d8                fake_heap_start
                0x000000000011e4dc                fake_heap_end
 .bss           0x000000000011e4e0     0x1000 /opt/devkitpro/devkitARM/lib/gcc/arm-none-eabi/4.9.2/../../../../arm-none-eabi/lib/armv6k/fpu/libsysbase.a(chdir.o)
 .bss           0x000000000011f4e0       0x40 /opt/devkitpro/devkitARM/lib/gcc/arm-none-eabi/4.9.2/../../../../arm-none-eabi/lib/armv6k/fpu/libsysbase.a(syscall_support.o)
                0x000000000011f4e0                __syscalls
 .bss           0x000000000011f520        0x0 /opt/devkitpro/devkitARM/lib/gcc/arm-none-eabi/4.9.2/../../../../arm-none-eabi/lib/armv6k/fpu/libsysbase.a(getreent.o)
 .bss           0x000000000011f520        0x0 /opt/devkitpro/devkitARM/lib/gcc/arm-none-eabi/4.9.2/../../../../arm-none-eabi/lib/armv6k/fpu/libg.a(lib_a-impure.o)
 .bss           0x000000000011f520        0x0 /opt/devkitpro/devkitARM/lib/gcc/arm-none-eabi/4.9.2/../../../../arm-none-eabi/lib/armv6k/fpu/libg.a(lib_a-strchr.o)
 .bss           0x000000000011f520        0x0 /opt/devkitpro/devkitARM/lib/gcc/arm-none-eabi/4.9.2/../../../../arm-none-eabi/lib/armv6k/fpu/libg.a(lib_a-strncmp.o)
 .bss           0x000000000011f520        0x0 /opt/devkitpro/devkitARM/lib/gcc/arm-none-eabi/4.9.2/../../../../arm-none-eabi/lib/armv6k/fpu/libg.a(lib_a-strnlen.o)
 .bss           0x000000000011f520        0x0 /opt/devkitpro/devkitARM/lib/gcc/arm-none-eabi/4.9.2/../../../../arm-none-eabi/lib/armv6k/fpu/libg.a(lib_a-strrchr.o)
 .bss           0x000000000011f520        0x0 /opt/devkitpro/devkitARM/lib/gcc/arm-none-eabi/4.9.2/armv6k/fpu/crtend.o
 .bss           0x000000000011f520        0x0 /opt/devkitpro/devkitARM/lib/gcc/arm-none-eabi/4.9.2/armv6k/fpu/crtn.o
 *(.bss.*)
 .bss.__malloc_max_total_mem
                0x000000000011f520        0x4 /opt/devkitpro/devkitARM/lib/gcc/arm-none-eabi/4.9.2/../../../../arm-none-eabi/lib/armv6k/fpu/libg.a(lib_a-mallocr.o)
                0x000000000011f520                __malloc_max_total_mem
 .bss.__malloc_max_sbrked_mem
                0x000000000011f524        0x4 /opt/devkitpro/devkitARM/lib/gcc/arm-none-eabi/4.9.2/../../../../arm-none-eabi/lib/armv6k/fpu/libg.a(lib_a-mallocr.o)
                0x000000000011f524                __malloc_max_sbrked_mem
 .bss.__malloc_top_pad
                0x000000000011f528        0x4 /opt/devkitpro/devkitARM/lib/gcc/arm-none-eabi/4.9.2/../../../../arm-none-eabi/lib/armv6k/fpu/libg.a(lib_a-mallocr.o)
                0x000000000011f528                __malloc_top_pad
 .bss.__malloc_current_mallinfo
                0x000000000011f52c       0x28 /opt/devkitpro/devkitARM/lib/gcc/arm-none-eabi/4.9.2/../../../../arm-none-eabi/lib/armv6k/fpu/libg.a(lib_a-mallocr.o)
                0x000000000011f52c                __malloc_current_mallinfo
 *(.gnu.linkonce.b*)
 *(COMMON)
 COMMON         0x000000000011f554      0x8fd main.o
                0x000000000011f554                tile_list
                0x000000000011fe20                road_c_tex
                0x000000000011fe24                kUp
                0x000000000011fe28                road_i_tex
                0x000000000011fe2c                cursorX
                0x000000000011fe30                r_infantry_tex
                0x000000000011fe34                Stylus
                0x000000000011fe38                cursorY
                0x000000000011fe3c                kHeld
                0x000000000011fe40                forest_tex
                0x000000000011fe44                kDown
                0x000000000011fe48                plains_tex
                0x000000000011fe4c                mountain_tex
                0x000000000011fe50                title_mode
 *fill*         0x000000000011fe51        0x3 
 COMMON         0x000000000011fe54       0x60 /opt/devkitpro/libctru/lib/libctru.a(gfx.o)
                0x000000000011fe54                gfxBottomFramebuffers
                0x000000000011fe5c                gspSharedMemHandle
                0x000000000011fe60                bottomFramebufferInfo
                0x000000000011fe7c                gspEvent
                0x000000000011fe80                gfxTopLeftFramebuffers
                0x000000000011fe88                gfxTopRightFramebuffers
                0x000000000011fe90                topFramebufferInfo
                0x000000000011feac                gfxThreadID
                0x000000000011feb0                gfxSharedMemory
 COMMON         0x000000000011feb4        0xc /opt/devkitpro/libctru/lib/libctru.a(gpu.o)
                0x000000000011feb4                gpuCmdBuf
                0x000000000011feb8                gpuCmdBufOffset
                0x000000000011febc                gpuCmdBufSize
 COMMON         0x000000000011fec0     0x103d /opt/devkitpro/libctru/lib/libctru.a(gsp.o)
                0x000000000011fec0                gspEventStack
                0x0000000000120ec0                gspEventThread
                0x0000000000120ec4                gspEventCounts
                0x0000000000120ee0                gspEvents
                0x0000000000120efc                gspRunEvents
 *fill*         0x0000000000120efd        0x3 
 COMMON         0x0000000000120f00        0x4 /opt/devkitpro/libctru/lib/libctru.a(gx.o)
                0x0000000000120f00                gxCmdBuf
 *fill*         0x0000000000120f04        0x4 
 COMMON         0x0000000000120f08     0x2022 /opt/devkitpro/libctru/lib/libctru.a(apt.o)
                0x0000000000120f08                aptEventHandlerThread
                0x0000000000120f0c                aptParameters
                0x0000000000121f10                aptEventHandlerStack
                0x0000000000122f10                aptuHandle
                0x0000000000122f14                aptEvents
                0x0000000000122f20                aptStatusMutex
                0x0000000000122f24                aptLockHandle
                0x0000000000122f28                currentAppId
 *fill*         0x0000000000122f2a        0x2 
 COMMON         0x0000000000122f2c       0x20 /opt/devkitpro/libctru/lib/libctru.a(hid.o)
                0x0000000000122f2c                hidMemHandle
                0x0000000000122f30                hidHandle
                0x0000000000122f34                hidSharedMem
                0x0000000000122f38                hidEvents
 COMMON         0x0000000000122f4c        0x4 /opt/devkitpro/libctru/lib/libctru.a(initSystem.o)
                0x0000000000122f4c                __system_retAddr
 COMMON         0x0000000000122f50        0x8 /opt/devkitpro/libctru/lib/libctru.a(allocateHeaps.o)
                0x0000000000122f50                __heapBase
                0x0000000000122f54                __linear_heap
 COMMON         0x0000000000122f58        0x8 /opt/devkitpro/libctru/lib/libctru.a(initArgv.o)
                0x0000000000122f58                __system_argv
                0x0000000000122f5c                __system_argc
 COMMON         0x0000000000122f60       0x10 /opt/devkitpro/libctru/lib/libctru.a(irrst.o)
                0x0000000000122f60                irrstHandle
                0x0000000000122f64                irrstEvent
                0x0000000000122f68                irrstMemHandle
                0x0000000000122f6c                irrstSharedMem
                0x0000000000122f70                . = ALIGN (0x4)
                0x0000000000122f70                __bss_end__ = .
                0x0000000000122f70                __end__ = ABSOLUTE (.)

/DISCARD/
 *(.group .comment .note)

.stab
 *(.stab)

.stabstr
 *(.stabstr)

.stab.excl
 *(.stab.excl)

.stab.exclstr
 *(.stab.exclstr)

.stab.index
 *(.stab.index)

.stab.indexstr
 *(.stab.indexstr)

.debug
 *(.debug)

.line
 *(.line)

.debug_srcinfo
 *(.debug_srcinfo)

.debug_sfnames
 *(.debug_sfnames)

.debug_aranges  0x0000000000000000      0x5d0
 *(.debug_aranges)
 .debug_aranges
                0x0000000000000000       0x28 main.o
 .debug_aranges
                0x0000000000000028       0x18 mountain.o
 .debug_aranges
                0x0000000000000040       0x18 r_infantry.o
 .debug_aranges
                0x0000000000000058       0x18 road_i.o
 .debug_aranges
                0x0000000000000070       0x18 road_c.o
 .debug_aranges
                0x0000000000000088       0x18 forest.o
 .debug_aranges
                0x00000000000000a0       0x18 plains.o
 .debug_aranges
                0x00000000000000b8       0x20 /opt/devkitpro/libctru/lib/libsf2d.a(sf2d_texture.o)
 .debug_aranges
                0x00000000000000d8       0x20 /opt/devkitpro/libctru/lib/libsf2d.a(sf2d.o)
 .debug_aranges
                0x00000000000000f8       0x20 /opt/devkitpro/libctru/lib/libsf2d.a(sf2d_draw.o)
 .debug_aranges
                0x0000000000000118       0x20 /opt/devkitpro/libctru/lib/libsf2d.a(sf2d_private.o)
 .debug_aranges
                0x0000000000000138       0x20 /opt/devkitpro/libctru/lib/libctru.a(vram.o)
 .debug_aranges
                0x0000000000000158       0x20 /opt/devkitpro/libctru/lib/libctru.a(linear.o)
 .debug_aranges
                0x0000000000000178       0x20 /opt/devkitpro/libctru/lib/libctru.a(mem_pool.o)
 .debug_aranges
                0x0000000000000198       0x20 /opt/devkitpro/libctru/lib/libctru.a(os.o)
 .debug_aranges
                0x00000000000001b8       0x20 /opt/devkitpro/libctru/lib/libctru.a(gfx.o)
 .debug_aranges
                0x00000000000001d8       0x20 /opt/devkitpro/libctru/lib/libctru.a(shaderProgram.o)
 .debug_aranges
                0x00000000000001f8       0x20 /opt/devkitpro/libctru/lib/libctru.a(shbin.o)
 .debug_aranges
                0x0000000000000218       0x20 /opt/devkitpro/libctru/lib/libctru.a(gpu.o)
 .debug_aranges
                0x0000000000000238       0x18 /opt/devkitpro/libctru/lib/libctru.a(gpuResetSequence.o)
 .debug_aranges
                0x0000000000000250       0x20 /opt/devkitpro/libctru/lib/libctru.a(gsp.o)
 .debug_aranges
                0x0000000000000270       0x20 /opt/devkitpro/libctru/lib/libctru.a(gx.o)
 .debug_aranges
                0x0000000000000290       0x20 /opt/devkitpro/libctru/lib/libctru.a(apt.o)
 .debug_aranges
                0x00000000000002b0       0x20 /opt/devkitpro/libctru/lib/libctru.a(hid.o)
 .debug_aranges
                0x00000000000002d0       0x20 /opt/devkitpro/libctru/lib/libctru.a(rbtree_init.o)
 .debug_aranges
                0x00000000000002f0       0x20 /opt/devkitpro/libctru/lib/libctru.a(rbtree_insert.o)
 .debug_aranges
                0x0000000000000310       0x20 /opt/devkitpro/libctru/lib/libctru.a(rbtree_rotate.o)
 .debug_aranges
                0x0000000000000330       0x20 /opt/devkitpro/libctru/lib/libctru.a(rbtree_remove.o)
 .debug_aranges
                0x0000000000000350       0x20 /opt/devkitpro/libctru/lib/libctru.a(rbtree_find.o)
 .debug_aranges
                0x0000000000000370       0x20 /opt/devkitpro/libctru/lib/libctru.a(initSystem.o)
 .debug_aranges
                0x0000000000000390       0x20 /opt/devkitpro/libctru/lib/libctru.a(allocateHeaps.o)
 .debug_aranges
                0x00000000000003b0       0x20 /opt/devkitpro/libctru/lib/libctru.a(initArgv.o)
 .debug_aranges
                0x00000000000003d0       0x20 /opt/devkitpro/libctru/lib/libctru.a(svc.o)
 .debug_aranges
                0x00000000000003f0       0x20 /opt/devkitpro/libctru/lib/libctru.a(stack_adjust.o)
 .debug_aranges
                0x0000000000000410       0x20 /opt/devkitpro/libctru/lib/libctru.a(srv.o)
 .debug_aranges
                0x0000000000000430       0x20 /opt/devkitpro/libctru/lib/libctru.a(irrst.o)
 .debug_aranges
                0x0000000000000450       0x20 /opt/devkitpro/libctru/lib/libctru.a(rbtree_iterator.o)
 .debug_aranges
                0x0000000000000470       0x20 /opt/devkitpro/libctru/lib/libctru.a(appInit.o)
 .debug_aranges
                0x0000000000000490       0x20 /opt/devkitpro/libctru/lib/libctru.a(appExit.o)
 .debug_aranges
                0x00000000000004b0       0x20 /opt/devkitpro/libctru/lib/libctru.a(ctru_exit.o)
 .debug_aranges
                0x00000000000004d0       0x20 /opt/devkitpro/libctru/lib/libctru.a(sdmc_dev.o)
 .debug_aranges
                0x00000000000004f0       0x20 /opt/devkitpro/libctru/lib/libctru.a(fs.o)
 .debug_aranges
                0x0000000000000510       0x20 /opt/devkitpro/libctru/lib/libctru.a(utf8_to_utf16.o)
 .debug_aranges
                0x0000000000000530       0x20 /opt/devkitpro/libctru/lib/libctru.a(decode_utf8.o)
 .debug_aranges
                0x0000000000000550       0x20 /opt/devkitpro/libctru/lib/libctru.a(utf16_to_utf8.o)
 .debug_aranges
                0x0000000000000570       0x20 /opt/devkitpro/libctru/lib/libctru.a(encode_utf16.o)
 .debug_aranges
                0x0000000000000590       0x20 /opt/devkitpro/libctru/lib/libctru.a(encode_utf8.o)
 .debug_aranges
                0x00000000000005b0       0x20 /opt/devkitpro/libctru/lib/libctru.a(decode_utf16.o)

.debug_pubnames
 *(.debug_pubnames)

.debug_info     0x0000000000000000    0x1be40
 *(.debug_info)
 .debug_info    0x0000000000000000      0xd26 main.o